// Jest Snapshot v1, https://goo.gl/fbAQLP

exports[`OakInfoButton matches snapshot 1`] = `
[
  .c0 {
  position: relative;
  width: -webkit-max-content;
  width: -moz-max-content;
  width: max-content;
  font-family: --var(google-font),Lexend,sans-serif;
}

.c6 {
  font-family: --var(google-font),Lexend,sans-serif;
}

.c8 {
  position: relative;
  width: 2.5rem;
  min-width: 2.5rem;
  height: 2.5rem;
  color: #222222;
  background: #ffe555;
  border-radius: 6.25rem;
  font-family: --var(google-font),Lexend,sans-serif;
}

.c10 {
  position: absolute;
  top: 0rem;
  width: 100%;
  height: 100%;
  border-radius: 6.25rem;
  font-family: --var(google-font),Lexend,sans-serif;
}

.c11 {
  position: relative;
  width: 2rem;
  min-width: 2rem;
  height: 2rem;
  min-height: 2rem;
  font-family: --var(google-font),Lexend,sans-serif;
}

.c12 {
  -webkit-filter: invert(10%) sepia(1%) saturate(236%) hue-rotate(314deg) brightness(95%) contrast(91%);
  filter: invert(10%) sepia(1%) saturate(236%) hue-rotate(314deg) brightness(95%) contrast(91%);
  object-fit: contain;
}

.c1 {
  display: -webkit-box;
  display: -webkit-flex;
  display: -ms-flexbox;
  display: flex;
}

.c7 {
  display: -webkit-box;
  display: -webkit-flex;
  display: -ms-flexbox;
  display: flex;
  -webkit-flex-direction: row;
  -ms-flex-direction: row;
  flex-direction: row;
  -webkit-align-items: center;
  -webkit-box-align: center;
  -ms-flex-align: center;
  align-items: center;
  -webkit-box-pack: center;
  -webkit-justify-content: center;
  -ms-flex-pack: center;
  justify-content: center;
  gap: 0rem;
}

.c9 {
  display: -webkit-box;
  display: -webkit-flex;
  display: -ms-flexbox;
  display: flex;
  -webkit-align-items: center;
  -webkit-box-align: center;
  -ms-flex-align: center;
  align-items: center;
  -webkit-box-pack: center;
  -webkit-justify-content: center;
  -ms-flex-pack: center;
  justify-content: center;
}

.c13 {
  font-family: --var(google-font),Lexend,sans-serif;
  font-weight: 600;
  font-size: 1rem;
  line-height: 1.25rem;
  -webkit-letter-spacing: 0.0115rem;
  -moz-letter-spacing: 0.0115rem;
  -ms-letter-spacing: 0.0115rem;
  letter-spacing: 0.0115rem;
}

.c4 {
  background: none;
  color: inherit;
  border: none;
  padding: 0;
  font: inherit;
  cursor: pointer;
  text-align: left;
  font-family: unset;
  outline: none;
  font-family: --var(google-font),Lexend,sans-serif;
  color: #222222;
}

.c4:disabled {
  pointer-events: none;
  cursor: default;
}

.c5 {
  display: inline-block;
  position: relative;
}

.c5:hover {
  -webkit-text-decoration: underline;
  text-decoration: underline;
  color: #222222;
}

.c5:active {
  color: #222222;
}

.c5:disabled {
  color: #808080;
}

.c2 > :first-child:focus-visible .shadow {
  box-shadow: 0 0 0 0.125rem rgba(255,229,85,100%), 0 0 0 0.3rem rgba(87,87,87,100%);
}

.c2 > :first-child:hover .shadow {
  box-shadow: 0.125rem 0.125rem 0 rgba(255,229,85,100%);
}

.c2 > :first-child:active .shadow {
  box-shadow: 0.125rem 0.125rem 0 rgba(255,229,85,100%), 0.25rem 0.25rem 0 rgba(87,87,87,100%);
}

.c2 > :first-child:disabled .icon-container {
  background: #808080;
}

.c2 > :first-child:hover .icon-container {
  background: #ffe555;
}

.c2 > :first-child:active .icon-container {
  background: #ffe555;
}

.c3:hover .shadow {
  box-shadow: none !important;
}

.c3:active .shadow {
  box-shadow: 0.125rem 0.125rem 0 rgba(255,229,85,100%), 0.25rem 0.25rem 0 rgba(87,87,87,100%) !important;
}

<div
    className="c0 c1 c2 c3"
  >
    <button
      aria-describedby="info-tooltip"
      className="c4 c5"
      data-rac={true}
      disabled={false}
      onClick={[Function]}
      onMouseEnter={[Function]}
      onMouseLeave={[Function]}
    >
      <div
        className="c6 c7"
      >
        <div
          className="c8 c9 icon-container"
        >
          <div
            className="c10 shadow"
          />
          <span
            className="c11"
            data-icon-for="button"
          >
            <img
              alt=""
              className="c12"
              data-nimg="fill"
              decoding="async"
              loading="lazy"
              onError={[Function]}
              onLoad={[Function]}
              src="https://res.cloudinary.com/mock-cloudinary-cloud/image/upload/v1709052869/icons/Icon_Info_vsx3xi.svg"
              style={
                {
                  "bottom": 0,
                  "color": "transparent",
                  "height": "100%",
                  "left": 0,
                  "objectFit": undefined,
                  "objectPosition": undefined,
                  "position": "absolute",
                  "right": 0,
                  "top": 0,
                  "width": "100%",
                }
              }
            />
          </span>
        </div>
        <span
          className="c13"
        />
      </div>
    </button>
  </div>,
  ",",
]
`;
