// Jest Snapshot v1, https://goo.gl/fbAQLP

exports[`OakQuizFeedback matches snapshot 1`] = `
[
  .c0 {
  font-family: --var(google-font),Lexend,sans-serif;
}

.c2 {
  width: 1.5rem;
  height: 1.5rem;
  padding: 0rem;
  background: #287c34;
  border-radius: 6.25rem;
  font-family: --var(google-font),Lexend,sans-serif;
}

.c3 {
  position: relative;
  width: 100%;
  min-width: 100%;
  height: 100%;
  min-height: 100%;
  font-family: --var(google-font),Lexend,sans-serif;
}

.c4 {
  -webkit-filter: invert(98%) sepia(98%) saturate(0%) hue-rotate(328deg) brightness(102%) contrast(102%);
  filter: invert(98%) sepia(98%) saturate(0%) hue-rotate(328deg) brightness(102%) contrast(102%);
  object-fit: contain;
}

.c1 {
  display: -webkit-box;
  display: -webkit-flex;
  display: -ms-flexbox;
  display: flex;
  gap: 0.75rem;
}

.c5 {
  color: #287c34;
  font-family: --var(google-font),Lexend,sans-serif;
  font-weight: 600;
  font-size: 1.25rem;
  line-height: 1.5rem;
  -webkit-letter-spacing: 0.0115rem;
  -moz-letter-spacing: 0.0115rem;
  -ms-letter-spacing: 0.0115rem;
  letter-spacing: 0.0115rem;
}

.c6 {
  margin-top: 0.75rem;
  font-family: --var(google-font),Lexend,sans-serif;
  font-weight: 700;
  font-size: 1rem;
  line-height: 1.5rem;
  -webkit-letter-spacing: -0.005rem;
  -moz-letter-spacing: -0.005rem;
  -ms-letter-spacing: -0.005rem;
  letter-spacing: -0.005rem;
}

<div
    aria-live="polite"
    className="c0"
  >
    <div
      className="c0 c1"
      role="alert"
    >
      <div
        className="c2"
      >
        <div
          className="c3"
        >
          <img
            alt=""
            className="c4"
            data-nimg="fill"
            decoding="async"
            loading="lazy"
            onError={[Function]}
            onLoad={[Function]}
            src="https://res.cloudinary.com/mock-cloudinary-cloud/image/upload/v1699954310/icons/efd3esaor6zqk7seh6kt.svg"
            style={
              {
                "bottom": 0,
                "color": "transparent",
                "height": "100%",
                "left": 0,
                "objectFit": undefined,
                "objectPosition": undefined,
                "position": "absolute",
                "right": 0,
                "top": 0,
                "width": "100%",
              }
            }
          />
        </div>
      </div>
      <span
        className="c5"
        role="alert"
      >
        Correct
      </span>
    </div>
    <p
      className="c6"
      role="alert"
    >
      Well done!
    </p>
  </div>,
  .c0 {
  font-family: --var(google-font),Lexend,sans-serif;
}

.c3 {
  position: relative;
  width: 100%;
  min-width: 100%;
  height: 100%;
  min-height: 100%;
  font-family: --var(google-font),Lexend,sans-serif;
}

.c2 {
  width: 1.5rem;
  height: 1.5rem;
  padding: 0rem;
  background: #dd0035;
  border-radius: 6.25rem;
  font-family: --var(google-font),Lexend,sans-serif;
}

.c4 {
  -webkit-filter: invert(98%) sepia(98%) saturate(0%) hue-rotate(328deg) brightness(102%) contrast(102%);
  filter: invert(98%) sepia(98%) saturate(0%) hue-rotate(328deg) brightness(102%) contrast(102%);
  object-fit: contain;
}

.c1 {
  display: -webkit-box;
  display: -webkit-flex;
  display: -ms-flexbox;
  display: flex;
  gap: 0.75rem;
}

.c5 {
  color: #dd0035;
  font-family: --var(google-font),Lexend,sans-serif;
  font-weight: 600;
  font-size: 1.25rem;
  line-height: 1.5rem;
  -webkit-letter-spacing: 0.0115rem;
  -moz-letter-spacing: 0.0115rem;
  -ms-letter-spacing: 0.0115rem;
  letter-spacing: 0.0115rem;
}

.c6 {
  margin-top: 0.75rem;
  font-family: --var(google-font),Lexend,sans-serif;
  font-weight: 300;
  font-size: 1rem;
  line-height: 1.5rem;
  -webkit-letter-spacing: -0.005rem;
  -moz-letter-spacing: -0.005rem;
  -ms-letter-spacing: -0.005rem;
  letter-spacing: -0.005rem;
}

<div
    aria-live="polite"
    className="c0"
  >
    <div
      className="c0 c1"
      role="alert"
    >
      <div
        className="c2"
      >
        <div
          className="c3"
        >
          <img
            alt=""
            className="c4"
            data-nimg="fill"
            decoding="async"
            loading="lazy"
            onError={[Function]}
            onLoad={[Function]}
            src="https://res.cloudinary.com/mock-cloudinary-cloud/image/upload/v1699895179/icons/xigimrbivcaxt4omxamp.svg"
            style={
              {
                "bottom": 0,
                "color": "transparent",
                "height": "100%",
                "left": 0,
                "objectFit": undefined,
                "objectPosition": undefined,
                "position": "absolute",
                "right": 0,
                "top": 0,
                "width": "100%",
              }
            }
          />
        </div>
      </div>
      <span
        className="c5"
        role="alert"
      >
        Incorrect
      </span>
    </div>
    <p
      className="c6"
      role="alert"
    >
      Keep trying
    </p>
  </div>,
  .c0 {
  font-family: --var(google-font),Lexend,sans-serif;
}

.c2 {
  width: 1.5rem;
  height: 1.5rem;
  padding: 0rem;
  background: #287c34;
  border-radius: 6.25rem;
  font-family: --var(google-font),Lexend,sans-serif;
}

.c3 {
  position: relative;
  width: 100%;
  min-width: 100%;
  height: 100%;
  min-height: 100%;
  font-family: --var(google-font),Lexend,sans-serif;
}

.c4 {
  -webkit-filter: invert(98%) sepia(98%) saturate(0%) hue-rotate(328deg) brightness(102%) contrast(102%);
  filter: invert(98%) sepia(98%) saturate(0%) hue-rotate(328deg) brightness(102%) contrast(102%);
  object-fit: contain;
}

.c1 {
  display: -webkit-box;
  display: -webkit-flex;
  display: -ms-flexbox;
  display: flex;
  gap: 0.75rem;
}

.c5 {
  color: #287c34;
  font-family: --var(google-font),Lexend,sans-serif;
  font-weight: 600;
  font-size: 1.25rem;
  line-height: 1.5rem;
  -webkit-letter-spacing: 0.0115rem;
  -moz-letter-spacing: 0.0115rem;
  -ms-letter-spacing: 0.0115rem;
  letter-spacing: 0.0115rem;
}

.c6 {
  margin-top: 0.75rem;
  font-family: --var(google-font),Lexend,sans-serif;
  font-weight: 700;
  font-size: 1rem;
  line-height: 1.5rem;
  -webkit-letter-spacing: -0.005rem;
  -moz-letter-spacing: -0.005rem;
  -ms-letter-spacing: -0.005rem;
  letter-spacing: -0.005rem;
}

<div
    aria-live="polite"
    className="c0"
  >
    <div
      className="c0 c1"
      role="alert"
    >
      <div
        className="c2"
      >
        <div
          className="c3"
        >
          <img
            alt=""
            className="c4"
            data-nimg="fill"
            decoding="async"
            loading="lazy"
            onError={[Function]}
            onLoad={[Function]}
            src="https://res.cloudinary.com/mock-cloudinary-cloud/image/upload/v1699954310/icons/efd3esaor6zqk7seh6kt.svg"
            style={
              {
                "bottom": 0,
                "color": "transparent",
                "height": "100%",
                "left": 0,
                "objectFit": undefined,
                "objectPosition": undefined,
                "position": "absolute",
                "right": 0,
                "top": 0,
                "width": "100%",
              }
            }
          />
        </div>
      </div>
      <span
        className="c5"
        role="alert"
      >
        Correct
      </span>
    </div>
    <p
      className="c6"
      role="alert"
    >
      Nearly there
    </p>
  </div>,
]
`;
