// Jest Snapshot v1, https://goo.gl/fbAQLP

exports[`OakTeacherNotesInline matches snapshot 1`] = `
.c0 {
  padding-top: 1.5rem;
  padding-bottom: 1.5rem;
  padding-right: 1.5rem;
  border: 0.125rem solid;
  border-color: #b0e2de;
  border-radius: 1rem;
  font-family: --var(google-font),Lexend,sans-serif;
}

.c1 {
  overflow: scroll;
  height: 4.5rem;
  padding-left: 1.5rem;
  font-family: --var(google-font),Lexend,sans-serif;
  overflow: scroll;
}

.c2 {
  direction: rtl;
}

.c2 > * {
  direction: ltr;
}

<div
  className="c0"
  data-testid="oak-teacher-notes-inline"
>
  <div
    className="c1 c2"
    dangerouslySetInnerHTML={
      {
        "__html": "",
      }
    }
  />
</div>
`;
