// Jest Snapshot v1, https://goo.gl/fbAQLP

exports[`InternalReviewAccordion matches snapshot 1`] = `
[
  .c0 {
  padding-top: 1.25rem;
  font-family: --var(google-font),Lexend,sans-serif;
}

.c2 {
  position: relative;
  width: -webkit-max-content;
  width: -moz-max-content;
  width: max-content;
  font-family: --var(google-font),Lexend,sans-serif;
}

.c8 {
  font-family: --var(google-font),Lexend,sans-serif;
}

.c11 {
  position: relative;
  width: 2rem;
  min-width: 2rem;
  height: 2rem;
  color: #222222;
  background: #222222;
  border-radius: 6.25rem;
  font-family: --var(google-font),Lexend,sans-serif;
}

.c13 {
  position: absolute;
  top: 0rem;
  width: 100%;
  height: 100%;
  border-radius: 6.25rem;
  font-family: --var(google-font),Lexend,sans-serif;
}

.c14 {
  position: relative;
  width: 1.5rem;
  min-width: 1.5rem;
  height: 1.5rem;
  min-height: 1.5rem;
  font-family: --var(google-font),Lexend,sans-serif;
}

.c15 {
  -webkit-filter: invert(98%) sepia(98%) saturate(0%) hue-rotate(328deg) brightness(102%) contrast(102%);
  filter: invert(98%) sepia(98%) saturate(0%) hue-rotate(328deg) brightness(102%) contrast(102%);
  object-fit: contain;
}

.c1 {
  display: -webkit-box;
  display: -webkit-flex;
  display: -ms-flexbox;
  display: flex;
  -webkit-flex-direction: column;
  -ms-flex-direction: column;
  flex-direction: column;
  -webkit-align-items: flex-end;
  -webkit-box-align: flex-end;
  -ms-flex-align: flex-end;
  align-items: flex-end;
  -webkit-box-pack: center;
  -webkit-justify-content: center;
  -ms-flex-pack: center;
  justify-content: center;
}

.c3 {
  display: -webkit-box;
  display: -webkit-flex;
  display: -ms-flexbox;
  display: flex;
}

.c9 {
  display: -webkit-box;
  display: -webkit-flex;
  display: -ms-flexbox;
  display: flex;
  -webkit-flex-direction: row;
  -ms-flex-direction: row;
  flex-direction: row;
  -webkit-align-items: center;
  -webkit-box-align: center;
  -ms-flex-align: center;
  align-items: center;
  -webkit-box-pack: center;
  -webkit-justify-content: center;
  -ms-flex-pack: center;
  justify-content: center;
  gap: 0.75rem;
}

.c12 {
  display: -webkit-box;
  display: -webkit-flex;
  display: -ms-flexbox;
  display: flex;
  -webkit-align-items: center;
  -webkit-box-align: center;
  -ms-flex-align: center;
  align-items: center;
  -webkit-box-pack: center;
  -webkit-justify-content: center;
  -ms-flex-pack: center;
  justify-content: center;
}

.c10 {
  font-family: --var(google-font),Lexend,sans-serif;
  font-weight: 600;
  font-size: 1rem;
  line-height: 1.25rem;
  -webkit-letter-spacing: 0.0115rem;
  -moz-letter-spacing: 0.0115rem;
  -ms-letter-spacing: 0.0115rem;
  letter-spacing: 0.0115rem;
}

.c6 {
  background: none;
  color: inherit;
  border: none;
  padding: 0;
  font: inherit;
  cursor: pointer;
  text-align: left;
  font-family: unset;
  outline: none;
  font-family: --var(google-font),Lexend,sans-serif;
  color: #222222;
}

.c6:disabled {
  pointer-events: none;
  cursor: default;
}

.c7 {
  display: inline-block;
  position: relative;
}

.c7:hover {
  -webkit-text-decoration: underline;
  text-decoration: underline;
  color: #222222;
}

.c7:active {
  color: #222222;
}

.c7:disabled {
  color: #808080;
}

.c4 > :first-child:focus-visible .shadow {
  box-shadow: 0 0 0 0.125rem rgba(255,229,85,100%), 0 0 0 0.3rem rgba(87,87,87,100%);
}

.c4 > :first-child:hover .shadow {
  box-shadow: 0.125rem 0.125rem 0 rgba(255,229,85,100%);
}

.c4 > :first-child:active .shadow {
  box-shadow: 0.125rem 0.125rem 0 rgba(255,229,85,100%), 0.25rem 0.25rem 0 rgba(87,87,87,100%);
}

.c4 > :first-child:disabled .icon-container {
  background: transparent;
}

.c4 > :first-child:hover .icon-container {
  background: #222222;
}

.c4 > :first-child:active .icon-container {
  background: #222222;
}

.c5 {
  display: -webkit-box;
  display: -webkit-flex;
  display: -ms-flexbox;
  display: flex;
  font-family: --var(google-font),Lexend,sans-serif;
}

.c5:hover {
  cursor: pointer;
}

.c5 .icon-container img {
  -webkit-transform: rotate(180deg);
  -ms-transform: rotate(180deg);
  transform: rotate(180deg);
  -webkit-transition: all 0.3s ease 0s;
  transition: all 0.3s ease 0s;
}

@media (min-width:750px) {
  .c0 {
    padding-top: 0rem;
  }
}

<div
    className="c0 c1"
  >
    <div
      className="c2 c3 c4 c5"
    >
      <button
        aria-expanded={true}
        className="c6 c7"
        id="see-more"
        isOpen={true}
        onClick={[Function]}
        onMouseEnter={[Function]}
        onMouseLeave={[Function]}
      >
        <div
          className="c8 c9"
        >
          <span
            className="c10"
          >
            Results
          </span>
          <div
            className="c11 c12 icon-container"
          >
            <div
              className="c13 shadow"
            />
            <div
              className="c14"
              data-icon-for="button"
            >
              <img
                alt="chevron-down"
                className="c15"
                data-nimg="fill"
                decoding="async"
                loading="lazy"
                onError={[Function]}
                onLoad={[Function]}
                src="https://res.cloudinary.com/mock-cloudinary-cloud/image/upload/v1699953557/icons/botfld6brychmttwtv6u.svg"
                style={
                  {
                    "bottom": 0,
                    "color": "transparent",
                    "height": "100%",
                    "left": 0,
                    "objectFit": undefined,
                    "objectPosition": undefined,
                    "position": "absolute",
                    "right": 0,
                    "top": 0,
                    "width": "100%",
                  }
                }
              />
            </div>
          </div>
        </div>
      </button>
    </div>
  </div>,
  .c0 {
  overflow: scroll;
  font-family: --var(google-font),Lexend,sans-serif;
  overflow: scroll;
}

.c2 {
  min-width: 100%;
  padding-left: 1.5rem;
  padding-right: 1.5rem;
  padding-top: 2.5rem;
  padding-bottom: 2.5rem;
  margin-top: 1.5rem;
  background: #ffffff;
  border-radius: 1rem;
  font-family: --var(google-font),Lexend,sans-serif;
}

.c3 {
  display: -webkit-box;
  display: -webkit-flex;
  display: -ms-flexbox;
  display: flex;
}

.c1 {
  width: 100%;
}

@media (min-width:750px) {

}

<div
    aria-labelledby="see-more"
    className="c0  c1"
    hidden={false}
    role="region"
  >
    <div
      className="c2 c3"
    >
      Here it is
    </div>
  </div>,
]
`;
