// Jest Snapshot v1, https://jestjs.io/docs/snapshot-testing

exports[`CaptionCard matches snapshot 1`] = `
.c0 {
  position: relative;
  width: 100%;
  min-height: 2.5rem;
  padding: 1rem;
  background: #ffffff;
  border-radius: 0.25rem;
  font-family: --var(google-font),Lexend,sans-serif;
}

.c3 {
  width: 100%;
  font-family: --var(google-font),Lexend,sans-serif;
  font-weight: 600;
  font-size: 1rem;
  line-height: 1.25rem;
  letter-spacing: 0.0115rem;
}

.c7 {
  position: relative;
  width: 1.5rem;
  height: 1.5rem;
  font-family: --var(google-font),Lexend,sans-serif;
}

.c11 {
  position: absolute;
  top: 0rem;
  left: 0rem;
  width: 1.5rem;
  height: 1.5rem;
  padding: 0rem;
  font-family: --var(google-font),Lexend,sans-serif;
}

.c13 {
  position: relative;
  width: 100%;
  min-width: 100%;
  height: 100%;
  min-height: 100%;
  display: block;
  font-family: --var(google-font),Lexend,sans-serif;
}

.c15 {
  font-family: --var(google-font),Lexend,sans-serif;
  font-weight: 600;
  font-size: 1rem;
  line-height: 1.25rem;
  letter-spacing: 0.0115rem;
}

.c19 {
  font-family: --var(google-font),Lexend,sans-serif;
}

.c22 {
  padding-left: 0.25rem;
  display: inline-block;
  font-family: --var(google-font),Lexend,sans-serif;
}

.c23 {
  position: relative;
  width: 2rem;
  min-width: 2rem;
  height: 2rem;
  min-height: 2rem;
  display: block;
  font-family: --var(google-font),Lexend,sans-serif;
}

.c27 {
  width: 100%;
  font-family: --var(google-font),Lexend,sans-serif;
  font-weight: 300;
  font-size: 1rem;
  line-height: 1.5rem;
  letter-spacing: -0.005rem;
}

.c30 {
  position: relative;
  width: 1.5rem;
  min-width: 1.5rem;
  height: 1.5rem;
  min-height: 1.5rem;
  display: block;
  font-family: --var(google-font),Lexend,sans-serif;
}

.c1 {
  display: flex;
  flex-direction: column;
  gap: 0.75rem;
}

.c4 {
  display: flex;
  align-items: center;
  justify-content: flex-start;
  gap: 0.75rem;
}

.c16 {
  display: flex;
  flex-wrap: wrap;
  justify-content: flex-start;
  gap: 0.5rem;
}

.c20 {
  display: flex;
  justify-content: flex-end;
  flex-grow: 10;
}

.c28 {
  display: flex;
  align-items: center;
  justify-content: flex-start;
  gap: 2rem;
}

.c29 {
  display: flex;
  align-items: center;
  gap: 0.25rem;
}

.c32 {
  display: flex;
  align-items: center;
}

.c14 {
  filter: invert(98%) sepia(98%) saturate(0%) hue-rotate(328deg) brightness(102%) contrast(102%);
  object-fit: contain;
}

.c26 {
  object-fit: contain;
}

.c31 {
  object-fit: contain;
}

.c17 {
  font-family: --var(google-font),Lexend,sans-serif;
  font-weight: 600;
  font-size: 1rem;
  line-height: 1.25rem;
  letter-spacing: 0.0115rem;
}

.c18 {
  font-family: --var(google-font),Lexend,sans-serif;
}

.c5 {
  font-family: --var(google-font),Lexend,sans-serif;
  color: #222222;
}

.c6 {
  display: flex;
  align-items: center;
  gap: 1rem;
  align-items: center;
}

.c8 {
  -webkit-appearance: none;
  appearance: none;
  cursor: pointer;
  margin: 0;
  outline: none;
  border: 0.125rem solid;
  border-color: #222222;
  border-radius: 0.125rem;
  width: 1.5rem;
  height: 1.5rem;
  border-color: #808080;
}

.c8:checked {
  background: #222222;
  border-color: #222222;
}

.c8:disabled {
  pointer-events: none;
}

.c10:focus-visible {
  box-shadow: 0 0 0 0.125rem rgba(255, 229, 85, 100%);
}

.c12 {
  pointer-events: none;
  opacity: 0;
}

input:checked+.c12 {
  opacity: 1;
}

.c25 {
  width: 1.25em;
  min-width: 1.25em;
  height: 1.25em;
  min-height: 1.25em;
}

.c21 {
  display: inline;
  align-items: center;
  gap: 0.25rem;
  outline: none;
  border-radius: 0.375rem;
  padding: 0.25rem;
  margin: -0.25rem;
  appearance: none;
  font: inherit;
  background: none;
  border: none;
  text-decoration: none;
  cursor: pointer;
  color: #222222;
  overflow-wrap: break-word;
}

.c21 .c24 {
  filter: invert(10%) sepia(1%) saturate(236%) hue-rotate(314deg) brightness(95%) contrast(91%);
  display: inline-block;
  vertical-align: text-top;
}

.c21:focus-visible {
  box-shadow: 0 0 0 0.125rem rgba(255, 229, 85, 100%),0 0 0 0.3rem rgba(87, 87, 87, 100%);
}

.c21:visited {
  color: #222222;
}

.c21:visited .c24 {
  filter: invert(10%) sepia(1%) saturate(236%) hue-rotate(314deg) brightness(95%) contrast(91%);
}

.c21:active {
  color: #222222;
  outline: 1px solid #222222;
}

.c21:active .c24 {
  filter: invert(10%) sepia(1%) saturate(236%) hue-rotate(314deg) brightness(95%) contrast(91%);
}

.c21[disabled] {
  cursor: not-allowed;
  color: #808080;
}

.c21[disabled] .c24 {
  filter: invert(54%) sepia(0%) saturate(38%) hue-rotate(176deg) brightness(92%) contrast(91%);
}

.c2:has(input:focus-visible) {
  box-shadow: 0 0 0 0.125rem rgba(255, 229, 85, 100%),0 0 0 0.3rem rgba(87, 87, 87, 100%);
}

.c2:hover {
  background-color: #bdcdf5;
}

@media (hover: hover) {
  .c8:hover:not(:disabled) {
    border-color: #222222;
  }
}

@media (hover: hover) {
  .c9:hover:not(.c9:checked):not(.c9:disabled)::after {
    content: "";
    position: absolute;
    top: 50%;
    left: 50%;
    width: 60%;
    height: 60%;
    transform: translate(-50%, -50%);
    border-radius: 0.125rem;
    background: #222222;
  }
}

@media (hover: hover) {
  .c21:hover,
  .c21:visited:hover {
    color: #222222;
    text-decoration: underline;
    text-decoration-thickness: 18%;
  }

  .c21:hover .c24,
  .c21:visited:hover .c24 {
    filter: invert(10%) sepia(1%) saturate(236%) hue-rotate(314deg) brightness(95%) contrast(91%);
  }
}

<div>
  <div
    class="c0 c1 c2"
    data-testid="caption-card"
  >
    <div
      class="c3 c4"
    >
      <label
        class="c5 c6"
        for="CAP-TEST-01234"
      >
        <div
          class="c7"
        >
          <input
            aria-label="check caption CAP-TEST-01234"
            aria-labelledby="CAP-TEST-01234"
            class="c8 c9 c10"
            data-testid="checkbox"
            id="CAP-TEST-01234"
            name="CAP-TEST-01234"
            type="checkbox"
            value="Caption ID: CAP-TEST-01234"
          />
          <div
            class="c11 c12"
          >
            <span
              class="c13"
            >
              <img
                alt=""
                class="c14"
                data-nimg="fill"
                decoding="async"
                loading="lazy"
                src="https://res.cloudinary.com/mock-cloudinary-cloud/image/upload/v1699954310/icons/efd3esaor6zqk7seh6kt.svg"
                style="position: absolute; height: 100%; width: 100%; left: 0px; top: 0px; right: 0px; bottom: 0px; color: transparent;"
              />
            </span>
          </div>
        </div>
      </label>
      <div
        class="c15 c16"
      >
        <span
          class="c17"
        >
          Caption ID: 
          CAP-TEST-01234
        </span>
        <span
          class="c18"
        >
           • 
        </span>
        <div
          class="c19"
        >
          Video Title: 
          This is a test video title
        </div>
      </div>
      <div
        class="c19 c20"
      >
        <a
          aria-label="edit caption CAP-TEST-01234 in a new tab in rev"
          class="c21"
          href="#}"
          target="_blank"
          variant="secondary"
        >
          <span
            class="c18"
          >
            Edit
          </span>
          <div
            class="c22"
          >
            <span
              class="c23 c24 c25"
            >
              <img
                alt=""
                class="c26"
                data-nimg="fill"
                decoding="async"
                loading="lazy"
                src="https://res.cloudinary.com/mock-cloudinary-cloud/image/upload/v1699953892/icons/hlxmejse3mcr4tqo6t8u.svg"
                style="position: absolute; height: 100%; width: 100%; left: 0px; top: 0px; right: 0px; bottom: 0px; color: transparent;"
              />
            </span>
          </div>
        </a>
      </div>
    </div>
    <div
      class="c27 c28"
    >
      <a
        aria-label="view lesson LESS-TEST-01234 in a new tab"
        class="c21"
        data-testid="lesson_uid"
        href="#"
        target="_blank"
        variant="secondary"
      >
        <span
          class="c18"
        >
          LESS-TEST-01234
        </span>
        <div
          class="c22"
        >
          <span
            class="c23 c24 c25"
          >
            <img
              alt=""
              class="c26"
              data-nimg="fill"
              decoding="async"
              loading="lazy"
              src="https://res.cloudinary.com/mock-cloudinary-cloud/image/upload/v1699953892/icons/hlxmejse3mcr4tqo6t8u.svg"
              style="position: absolute; height: 100%; width: 100%; left: 0px; top: 0px; right: 0px; bottom: 0px; color: transparent;"
            />
          </span>
        </div>
      </a>
      <div
        class="c19 c29"
      >
         
        <span
          class="c30"
        >
          <img
            alt=""
            class="c31"
            data-nimg="fill"
            decoding="async"
            loading="lazy"
            src="https://res.cloudinary.com/mock-cloudinary-cloud/image/upload/v1705416078/icons/wzey1zfxrvv3apeebbf5.svg"
            style="position: absolute; height: 100%; width: 100%; left: 0px; top: 0px; right: 0px; bottom: 0px; color: transparent;"
          />
        </span>
        Lesson video
      </div>
      <div
        class="c19 c32"
      >
        <span
          class="c30"
        >
          <img
            alt=""
            class="c31"
            data-nimg="fill"
            decoding="async"
            loading="lazy"
            src="https://res.cloudinary.com/mock-cloudinary-cloud/image/upload/v1699953925/icons/pw22bdhj2vrzfv2ogi4e.svg"
            style="position: absolute; height: 100%; width: 100%; left: 0px; top: 0px; right: 0px; bottom: 0px; color: transparent;"
          />
        </span>
        Edited 
        1 days ago
      </div>
      <div
        class="c19 c32"
      >
        <span
          class="c30"
        >
          <img
            alt=""
            class="c31"
            data-nimg="fill"
            decoding="async"
            loading="lazy"
            src="https://res.cloudinary.com/mock-cloudinary-cloud/image/upload/v1699895534/icons/Icon-Success_aiiprx.svg"
            style="position: absolute; height: 100%; width: 100%; left: 0px; top: 0px; right: 0px; bottom: 0px; color: transparent;"
          />
        </span>
        Updated 
        1 days ago
      </div>
    </div>
  </div>
</div>
`;
