// Jest Snapshot v1, https://goo.gl/fbAQLP

exports[`OakUnitListItem matches snapshot 1`] = `
[
  .c1 {
  width: 100%;
  padding-right: 1rem;
  background: #ffffff;
  border-radius: 0.375rem;
  display: none;
  font-family: --var(google-font),Lexend,sans-serif;
}

.c4 {
  width: 100%;
  height: 100%;
  padding-right: 0rem;
  border-radius: 0.375rem;
  font-family: --var(google-font),Lexend,sans-serif;
}

.c8 {
  min-width: 4rem;
  background: #a0b6f2;
  font-family: --var(google-font),Lexend,sans-serif;
}

.c12 {
  padding-top: 1.25rem;
  padding-bottom: 1.25rem;
  padding-right: 1rem;
  font-family: --var(google-font),Lexend,sans-serif;
}

.c15 {
  min-width: 5rem;
  font-family: --var(google-font),Lexend,sans-serif;
}

.c18 {
  min-width: 10rem;
  color: #222222;
  font-family: --var(google-font),Lexend,sans-serif;
  font-weight: 400;
  font-size: 1rem;
  line-height: 1.25rem;
  -webkit-letter-spacing: 0.0115rem;
  -moz-letter-spacing: 0.0115rem;
  -ms-letter-spacing: 0.0115rem;
  letter-spacing: 0.0115rem;
}

.c20 {
  position: relative;
  width: 2rem;
  min-width: 2rem;
  height: 2rem;
  min-height: 2rem;
  font-family: --var(google-font),Lexend,sans-serif;
}

.c22 {
  width: 100%;
  padding: 1rem;
  background: #ffffff;
  border-radius: 0.375rem;
  display: -webkit-box;
  display: -webkit-flex;
  display: -ms-flexbox;
  display: flex;
  font-family: --var(google-font),Lexend,sans-serif;
}

.c24 {
  width: 100%;
  font-family: --var(google-font),Lexend,sans-serif;
}

.c26 {
  font-family: --var(google-font),Lexend,sans-serif;
}

.c28 {
  width: 2.5rem;
  min-width: 2.5rem;
  height: 2.5rem;
  background: #a0b6f2;
  border-radius: 0.375rem;
  font-family: --var(google-font),Lexend,sans-serif;
}

.c21 {
  -webkit-filter: invert(10%) sepia(1%) saturate(236%) hue-rotate(314deg) brightness(95%) contrast(91%);
  filter: invert(10%) sepia(1%) saturate(236%) hue-rotate(314deg) brightness(95%) contrast(91%);
  object-fit: contain;
}

.c2 {
  display: none;
  -webkit-align-items: center;
  -webkit-box-align: center;
  -ms-flex-align: center;
  align-items: center;
}

.c5 {
  display: -webkit-box;
  display: -webkit-flex;
  display: -ms-flexbox;
  display: flex;
  -webkit-align-items: center;
  -webkit-box-align: center;
  -ms-flex-align: center;
  align-items: center;
  gap: 1rem;
}

.c9 {
  display: -webkit-box;
  display: -webkit-flex;
  display: -ms-flexbox;
  display: flex;
  -webkit-align-items: center;
  -webkit-box-align: center;
  -ms-flex-align: center;
  align-items: center;
  -webkit-box-pack: center;
  -webkit-justify-content: center;
  -ms-flex-pack: center;
  justify-content: center;
  -webkit-align-self: stretch;
  -ms-flex-item-align: stretch;
  align-self: stretch;
}

.c13 {
  display: -webkit-box;
  display: -webkit-flex;
  display: -ms-flexbox;
  display: flex;
  -webkit-box-flex: 1;
  -webkit-flex-grow: 1;
  -ms-flex-positive: 1;
  flex-grow: 1;
}

.c16 {
  display: -webkit-box;
  display: -webkit-flex;
  display: -ms-flexbox;
  display: flex;
  -webkit-align-items: center;
  -webkit-box-align: center;
  -ms-flex-align: center;
  align-items: center;
  -webkit-box-pack: end;
  -webkit-justify-content: end;
  -ms-flex-pack: end;
  justify-content: end;
}

.c23 {
  display: -webkit-box;
  display: -webkit-flex;
  display: -ms-flexbox;
  display: flex;
}

.c25 {
  display: -webkit-box;
  display: -webkit-flex;
  display: -ms-flexbox;
  display: flex;
  -webkit-flex-direction: column;
  -ms-flex-direction: column;
  flex-direction: column;
  gap: 1rem;
}

.c27 {
  display: -webkit-box;
  display: -webkit-flex;
  display: -ms-flexbox;
  display: flex;
  gap: 1rem;
}

.c29 {
  display: -webkit-box;
  display: -webkit-flex;
  display: -ms-flexbox;
  display: flex;
  -webkit-align-items: center;
  -webkit-box-align: center;
  -ms-flex-align: center;
  align-items: center;
  -webkit-box-pack: center;
  -webkit-justify-content: center;
  -ms-flex-pack: center;
  justify-content: center;
}

.c30 {
  display: -webkit-box;
  display: -webkit-flex;
  display: -ms-flexbox;
  display: flex;
  -webkit-align-items: center;
  -webkit-box-align: center;
  -ms-flex-align: center;
  align-items: center;
  -webkit-box-pack: justify;
  -webkit-justify-content: space-between;
  -ms-flex-pack: justify;
  justify-content: space-between;
}

.c11 {
  font-family: --var(google-font),Lexend,sans-serif;
  font-weight: 600;
  font-size: 1.5rem;
  line-height: 2rem;
  -webkit-letter-spacing: 0.0115rem;
  -moz-letter-spacing: 0.0115rem;
  -ms-letter-spacing: 0.0115rem;
  letter-spacing: 0.0115rem;
  color: #222222;
}

.c0 {
  width: 100%;
  display: revert;
  font-family: --var(google-font),Lexend,sans-serif;
  font-family: --var(google-font),Lexend,sans-serif;
  list-style: none;
  display: revert;
  display: revert;
}

.c14 {
  font-family: --var(google-font),Lexend,sans-serif;
  font-weight: 600;
  font-size: 1rem;
  line-height: 1.25rem;
  -webkit-letter-spacing: 0.0115rem;
  -moz-letter-spacing: 0.0115rem;
  -ms-letter-spacing: 0.0115rem;
  letter-spacing: 0.0115rem;
  color: #222222;
}

.c17 {
  font-family: --var(google-font),Lexend,sans-serif;
  font-weight: 400;
  font-size: 1rem;
  line-height: 1.25rem;
  -webkit-letter-spacing: 0.0115rem;
  -moz-letter-spacing: 0.0115rem;
  -ms-letter-spacing: 0.0115rem;
  letter-spacing: 0.0115rem;
  white-space: nowrap;
  color: #222222;
}

.c19 {
  font-family: --var(google-font),Lexend,sans-serif;
  white-space: nowrap;
}

.c31 {
  font-family: --var(google-font),Lexend,sans-serif;
  font-weight: 400;
  font-size: 1rem;
  line-height: 1.25rem;
  -webkit-letter-spacing: 0.0115rem;
  -moz-letter-spacing: 0.0115rem;
  -ms-letter-spacing: 0.0115rem;
  letter-spacing: 0.0115rem;
  color: #222222;
}

.c6 {
  -webkit-animation-timing-function: ease-out;
  animation-timing-function: ease-out;
  -webkit-transition-duration: 300ms;
  transition-duration: 300ms;
  outline: none;
}

.c6:focus-visible {
  box-shadow: 0 0 0 0.125rem rgba(255,229,85,100%), 0 0 0 0.3rem rgba(87,87,87,100%);
}

.c3 {
  text-align: initial;
  -webkit-animation-timing-function: ease-out;
  animation-timing-function: ease-out;
  -webkit-transition-duration: 300ms;
  transition-duration: 300ms;
  cursor: pointer;
}

.c10 {
  border-top-left-radius: 6px;
  border-bottom-left-radius: 6px;
  -webkit-animation-timing-function: ease-out;
  animation-timing-function: ease-out;
  -webkit-transition-duration: 300ms;
  transition-duration: 300ms;
}

@media (min-width:750px) {
  .c1 {
    display: -webkit-box;
    display: -webkit-flex;
    display: -ms-flexbox;
    display: flex;
  }
}

@media (min-width:750px) {
  .c22 {
    display: none;
  }
}

@media (min-width:750px) {
  .c2 {
    display: -webkit-box;
    display: -webkit-flex;
    display: -ms-flexbox;
    display: flex;
  }
}

@media (min-width:750px) {
  .c23 {
    display: none;
  }
}

@media (hover:hover) {
  .c3:hover {
    background: #c6d1ef;
  }

  .c3:hover .c7 {
    background: #7c9aec;
  }
}

@media (hover:hover) {
  .c10:hover {
    background: #7c9aec;
  }
}

<li
    className="c0"
  >
    <div
      className="c1 c2 c3"
      title="Lesson 1"
    >
      <a
        className="c4 c5 c6"
        href=""
      >
        <div
          className="c7 c8 c9 c10"
        >
          <h3
            className="c11"
          >
            1
          </h3>
        </div>
        <div
          className="c12 c13"
        >
          <p
            className="c14"
          >
            Lesson 1
          </p>
        </div>
        <div
          className="c15 c16"
        >
          <p
            className="c17"
          />
        </div>
        <div
          className="c18 c16"
        >
          <p
            className="c19"
          >
            0 lessons
          </p>
          <div
            className="c20"
          >
            <img
              alt="chevron-right"
              className="c21"
              data-nimg="fill"
              decoding="async"
              loading="lazy"
              onError={[Function]}
              onLoad={[Function]}
              src="https://res.cloudinary.com/mock-cloudinary-cloud/image/upload/v1707752509/icons/vk9xxxhnsltsickom6q9.svg"
              style={
                {
                  "bottom": 0,
                  "color": "transparent",
                  "height": "100%",
                  "left": 0,
                  "objectFit": undefined,
                  "objectPosition": undefined,
                  "position": "absolute",
                  "right": 0,
                  "top": 0,
                  "width": "100%",
                }
              }
            />
          </div>
        </div>
      </a>
    </div>
    <div
      className="c22 c23 c3"
      title="Lesson 1"
    >
      <div
        className="c24 c25"
      >
        <a
          className="c26 c27"
          href=""
        >
          <div
            className="c28 c29"
          >
            <h3
              className="c11"
            >
              1
            </h3>
          </div>
          <div
            className="c24"
          >
            <p
              className="c14"
            >
              Lesson 1
            </p>
          </div>
        </a>
        <div
          className="c26 c30"
        >
          <p
            className="c31"
          />
          <p
            className="c31"
          >
            0 lessons
          </p>
        </div>
      </div>
    </div>
  </li>,
  ",",
]
`;
