// Jest Snapshot v1, https://jestjs.io/docs/snapshot-testing

exports[`OakQuizFeedback matches snapshot 1`] = `
.c0 {
  font-family: --var(google-font),Lexend,sans-serif;
}

.c2 {
  width: 1.5rem;
  height: 1.5rem;
  padding: 0rem;
  background: #287c34;
  border-radius: 6.25rem;
  font-family: --var(google-font),Lexend,sans-serif;
}

.c3 {
  position: relative;
  width: 100%;
  min-width: 100%;
  height: 100%;
  min-height: 100%;
  font-family: --var(google-font),Lexend,sans-serif;
}

.c7 {
  width: 1.5rem;
  height: 1.5rem;
  padding: 0rem;
  background: #dd0035;
  border-radius: 6.25rem;
  font-family: --var(google-font),Lexend,sans-serif;
}

.c1 {
  display: -webkit-box;
  display: -webkit-flex;
  display: -ms-flexbox;
  display: flex;
  gap: 0.75rem;
}

.c5 {
  color: #287c34;
  font-family: --var(google-font),Lexend,sans-serif;
  font-weight: 600;
  font-size: 1.25rem;
  line-height: 1.5rem;
  -webkit-letter-spacing: 0.0115rem;
  -moz-letter-spacing: 0.0115rem;
  -ms-letter-spacing: 0.0115rem;
  letter-spacing: 0.0115rem;
}

.c6 {
  margin-top: 0.75rem;
  font-family: --var(google-font),Lexend,sans-serif;
  font-weight: 700;
  font-size: 1rem;
  line-height: 1.5rem;
  -webkit-letter-spacing: -0.005rem;
  -moz-letter-spacing: -0.005rem;
  -ms-letter-spacing: -0.005rem;
  letter-spacing: -0.005rem;
}

.c8 {
  color: #dd0035;
  font-family: --var(google-font),Lexend,sans-serif;
  font-weight: 600;
  font-size: 1.25rem;
  line-height: 1.5rem;
  -webkit-letter-spacing: 0.0115rem;
  -moz-letter-spacing: 0.0115rem;
  -ms-letter-spacing: 0.0115rem;
  letter-spacing: 0.0115rem;
}

.c9 {
  margin-top: 0.75rem;
  font-family: --var(google-font),Lexend,sans-serif;
  font-weight: 300;
  font-size: 1rem;
  line-height: 1.5rem;
  -webkit-letter-spacing: -0.005rem;
  -moz-letter-spacing: -0.005rem;
  -ms-letter-spacing: -0.005rem;
  letter-spacing: -0.005rem;
}

.c4 {
  -webkit-filter: invert(98%) sepia(98%) saturate(0%) hue-rotate(328deg) brightness(102%) contrast(102%);
  filter: invert(98%) sepia(98%) saturate(0%) hue-rotate(328deg) brightness(102%) contrast(102%);
  object-fit: contain;
}

<div>
  <div
    aria-live="polite"
    class="c0"
  >
    <div
      class="c0 c1"
      role="alert"
    >
      <div
        class="c2"
      >
        <div
          class="c3"
        >
          <img
            alt=""
            class="c4"
            data-nimg="fill"
            decoding="async"
            loading="lazy"
            src="https://res.cloudinary.com/mock-cloudinary-cloud/image/upload/v1699954310/icons/efd3esaor6zqk7seh6kt.svg"
            style="position: absolute; height: 100%; width: 100%; left: 0px; top: 0px; right: 0px; bottom: 0px; color: transparent;"
          />
        </div>
      </div>
      <span
        class="c5"
        role="alert"
      >
        Correct
      </span>
    </div>
    <p
      class="c6"
      role="alert"
    >
      Well done!
    </p>
  </div>
  <div
    aria-live="polite"
    class="c0"
  >
    <div
      class="c0 c1"
      role="alert"
    >
      <div
        class="c7"
      >
        <div
          class="c3"
        >
          <img
            alt=""
            class="c4"
            data-nimg="fill"
            decoding="async"
            loading="lazy"
            src="https://res.cloudinary.com/mock-cloudinary-cloud/image/upload/v1699895179/icons/xigimrbivcaxt4omxamp.svg"
            style="position: absolute; height: 100%; width: 100%; left: 0px; top: 0px; right: 0px; bottom: 0px; color: transparent;"
          />
        </div>
      </div>
      <span
        class="c8"
        role="alert"
      >
        Incorrect
      </span>
    </div>
    <p
      class="c9"
      role="alert"
    >
      Keep trying
    </p>
  </div>
  <div
    aria-live="polite"
    class="c0"
  >
    <div
      class="c0 c1"
      role="alert"
    >
      <div
        class="c2"
      >
        <div
          class="c3"
        >
          <img
            alt=""
            class="c4"
            data-nimg="fill"
            decoding="async"
            loading="lazy"
            src="https://res.cloudinary.com/mock-cloudinary-cloud/image/upload/v1699954310/icons/efd3esaor6zqk7seh6kt.svg"
            style="position: absolute; height: 100%; width: 100%; left: 0px; top: 0px; right: 0px; bottom: 0px; color: transparent;"
          />
        </div>
      </div>
      <span
        class="c5"
        role="alert"
      >
        Correct
      </span>
    </div>
    <p
      class="c6"
      role="alert"
    >
      Nearly there
    </p>
  </div>
</div>
`;
