// Jest Snapshot v1, https://jestjs.io/docs/snapshot-testing

exports[`OakMultilineText matches snapshot 1`] = `
.c0 {
  font-family: --var(google-font),Lexend,sans-serif;
}

.c1 {
  display: -webkit-box;
  display: -webkit-flex;
  display: -ms-flexbox;
  display: flex;
  -webkit-flex-direction: row;
  -ms-flex-direction: row;
  flex-direction: row;
}

.c2 {
  resize: none;
  outline: none;
  font-family: --var(google-font),Lexend,sans-serif;
}

.c3 {
  background: #ffffff;
  color: #575757;
  border-radius: 0.375rem;
  border-width: 0.125rem;
  padding: 0.75rem;
  margin-left: 0.75rem;
  margin-right: 0.75rem;
  width: 100%;
  border-color: #cacaca;
}

.c3:focus-visible {
  border-color: #222222;
  color: #222222;
}

.c3:hover {
  background: #f2f2f2;
  border-color: #808080;
}

@media (min-width:750px) {
  .c1 {
    -webkit-flex-direction: column;
    -ms-flex-direction: column;
    flex-direction: column;
  }
}

<div>
  <div
    class="c0 c1"
  >
    <textarea
      class="c2  c3"
      maxlength="200"
    />
  </div>
</div>
`;
