// Jest Snapshot v1, https://goo.gl/fbAQLP

exports[`OakIcon matches snapshot 1`] = `
.c0 {
  position: relative;
  width: 2rem;
  height: 2rem;
  font-family: Lexend,sans-serif;
}

.c1 {
  object-fit: contain;
}

<div
  className="c0"
>
  <img
    alt="home"
    className="c1"
    data-nimg="fill"
    decoding="async"
    loading="lazy"
    onError={[Function]}
    onLoad={[Function]}
    src="https://res.cloudinary.com/mock-cloudinary-cloud/image/upload/v1699887218/icons/gvqxjxcw07ei2kkmwnes.svg"
    style={
      {
        "bottom": 0,
        "color": "transparent",
        "height": "100%",
        "left": 0,
        "objectFit": undefined,
        "objectPosition": undefined,
        "position": "absolute",
        "right": 0,
        "top": 0,
        "width": "100%",
      }
    }
  />
</div>
`;
