// Jest Snapshot v1, https://goo.gl/fbAQLP

exports[`OakTextInput matches snapshot 1`] = `
[
  <div
    className="sc-gEvEer sc-eqUAAy sc-cwHptR hEQZUC kUreFU bmxVLQ"
    onClick={[Function]}
  >
    <input
      className="sc-aXZVg htVdEQ"
      defaultValue="A nice text value"
      onFocus={[Function]}
      type="text"
    />
  </div>,
  ",",
]
`;
