// Jest Snapshot v1, https://goo.gl/fbAQLP

exports[`OakLessonTopNav matches snapshot 1`] = `
.c0 {
  font-family: --var(google-font),Lexend,sans-serif;
}

.c2 {
  padding-left: 0rem;
  font-family: --var(google-font),Lexend,sans-serif;
}

.c4 {
  position: relative;
  width: 2.5rem;
  min-width: 2.5rem;
  height: 2.5rem;
  min-height: 2.5rem;
  font-family: --var(google-font),Lexend,sans-serif;
}

.c7 {
  width: 2.5rem;
  height: 2.5rem;
  padding: 0.25rem;
  background: #7cd8d0;
  border-radius: 6.25rem;
  font-family: --var(google-font),Lexend,sans-serif;
}

.c8 {
  position: relative;
  width: 100%;
  min-width: 100%;
  height: 100%;
  min-height: 100%;
  font-family: --var(google-font),Lexend,sans-serif;
}

.c14 {
  display: none;
  font-family: --var(google-font),Lexend,sans-serif;
}

.c5 {
  object-fit: cover;
}

.c9 {
  object-fit: contain;
}

.c1 {
  display: -webkit-box;
  display: -webkit-flex;
  display: -ms-flexbox;
  display: flex;
  -webkit-align-items: center;
  -webkit-box-align: center;
  -ms-flex-align: center;
  align-items: center;
  gap: 1.5rem;
}

.c6 {
  display: -webkit-box;
  display: -webkit-flex;
  display: -ms-flexbox;
  display: flex;
  -webkit-box-flex: none;
  -webkit-flex-grow: none;
  -ms-flex-positive: none;
  flex-grow: none;
}

.c13 {
  display: -webkit-box;
  display: -webkit-flex;
  display: -ms-flexbox;
  display: flex;
  -webkit-box-pack: end;
  -webkit-justify-content: flex-end;
  -ms-flex-pack: end;
  justify-content: flex-end;
  -webkit-box-flex: 1;
  -webkit-flex-grow: 1;
  -ms-flex-positive: 1;
  flex-grow: 1;
}

.c10 {
  font-family: --var(google-font),Lexend,sans-serif;
  font-weight: 600;
  font-size: 1rem;
  line-height: 1.25rem;
  -webkit-letter-spacing: 0.0115rem;
  -moz-letter-spacing: 0.0115rem;
  -ms-letter-spacing: 0.0115rem;
  letter-spacing: 0.0115rem;
}

.c11 {
  font-family: --var(google-font),Lexend,sans-serif;
  font-weight: 300;
  font-size: 0.875rem;
  line-height: 1.25rem;
  -webkit-letter-spacing: -0.005rem;
  -moz-letter-spacing: -0.005rem;
  -ms-letter-spacing: -0.005rem;
  letter-spacing: -0.005rem;
}

.c3 {
  border-radius: 50%;
  display: -webkit-box;
  display: -webkit-flex;
  display: -ms-flexbox;
  display: flex;
  width: -webkit-fit-content;
  width: -moz-fit-content;
  width: fit-content;
  height: -webkit-fit-content;
  height: -moz-fit-content;
  height: fit-content;
  border: none;
  padding: 0;
  outline: none;
}

.c3 img {
  pointer-events: none;
}

.c3:not(:disabled) {
  cursor: pointer;
}

.c3:active {
  box-shadow: 0.125rem 0.125rem 0 rgba(255,229,85,100%), 0.25rem 0.25rem 0 rgba(87,87,87,100%);
}

.c3:hover,
.c3:focus-visible {
  background: #222222;
}

.c3:hover img,
.c3:focus-visible img {
  -webkit-filter: invert(98%) sepia(98%) saturate(0%) hue-rotate(328deg) brightness(102%) contrast(102%);
  filter: invert(98%) sepia(98%) saturate(0%) hue-rotate(328deg) brightness(102%) contrast(102%);
}

.c3:focus-visible {
  box-shadow: 0 0 0 0.125rem rgba(255,229,85,100%), 0 0 0 0.3rem rgba(87,87,87,100%);
}

.c3:disabled {
  background: #808080;
}

.c3:disabled img {
  -webkit-filter: invert(98%) sepia(98%) saturate(0%) hue-rotate(328deg) brightness(102%) contrast(102%);
  filter: invert(98%) sepia(98%) saturate(0%) hue-rotate(328deg) brightness(102%) contrast(102%);
}

@media (min-width:750px) {
  .c2 {
    padding-left: 0.75rem;
  }
}

@media (min-width:750px) {
  .c14 {
    display: block;
  }
}

@media (min-width:750px) {
  .c10 {
    font-weight: 600;
  }
}

@media (min-width:750px) {
  .c10 {
    font-size: 1.5rem;
  }
}

@media (min-width:750px) {
  .c10 {
    line-height: 2rem;
  }
}

@media (min-width:750px) {
  .c10 {
    -webkit-letter-spacing: 0.0115rem;
    -moz-letter-spacing: 0.0115rem;
    -ms-letter-spacing: 0.0115rem;
    letter-spacing: 0.0115rem;
  }
}

@media (min-width:750px) {
  .c12 {
    display: none;
  }
}

<div
  className="c0 c1"
>
  <div
    className="c2"
  >
    <a
      aria-label="Back"
      className="c3"
      type="button"
    >
      <div
        className="c4"
      >
        <img
          alt=""
          className="c5"
          data-nimg="fill"
          decoding="async"
          loading="lazy"
          onError={[Function]}
          onLoad={[Function]}
          src="https://res.cloudinary.com/mock-cloudinary-cloud/image/upload/v1707752509/icons/rbvzan0ozubmr4j0uqdn.svg"
          style={
            {
              "bottom": 0,
              "color": "transparent",
              "height": "100%",
              "left": 0,
              "objectFit": undefined,
              "objectPosition": undefined,
              "position": "absolute",
              "right": 0,
              "top": 0,
              "width": "100%",
            }
          }
        />
      </div>
    </a>
  </div>
  <div
    className="c0 c6"
  >
    <div
      className="c7"
    >
      <div
        className="c8"
      >
        <img
          alt=""
          className="c9"
          data-nimg="fill"
          decoding="async"
          loading="lazy"
          onError={[Function]}
          onLoad={[Function]}
          src="https://res.cloudinary.com/mock-cloudinary-cloud/image/upload/v1705662092/icons/pl7bnmb13txese9yxkjv.svg"
          style={
            {
              "bottom": 0,
              "color": "transparent",
              "height": "100%",
              "left": 0,
              "objectFit": undefined,
              "objectPosition": undefined,
              "position": "absolute",
              "right": 0,
              "top": 0,
              "width": "100%",
            }
          }
        />
      </div>
    </div>
  </div>
  <div
    className="c0"
  >
    <h1
      className="c10"
    >
      Intro
    </h1>
    <span
      className="c11 c12"
    >
      In progress&hellip;
    </span>
  </div>
  <div
    className="c0 c13"
  >
    <div
      className="c14"
    />
  </div>
</div>
`;
