// Jest Snapshot v1, https://jestjs.io/docs/snapshot-testing

exports[`Component OakOL matches snapshot 1`] = `
.c0 {
  counter-reset: item;
  padding: 0;
  font-family: --var(google-font),Lexend,sans-serif;
}

.c0 li {
  display: block;
  counter-increment: item;
  margin: 0;
  padding: 0 0 0 16px;
  text-indent: -16px;
  list-style-type: none;
  line-height: 32px;
}

.c0 li br {
  content: "";
  display: block;
  margin-top: 8px;
}

.c0 li::before {
  padding-right: 4px;
  content: counter(item) ".";
}

.c0 a {
  color: navy;
}

<div>
  <ol
    class="c0"
  />
</div>
`;
