// Jest Snapshot v1, https://goo.gl/fbAQLP

exports[`OakLessonInfoCard component test matches snapshot 1`] = `
.c0 {
  padding: 1.5rem;
  background: #ffffff;
  border-radius: 1rem;
  font-family: --var(google-font),Lexend,sans-serif;
}

.c2 {
  font-family: --var(google-font),Lexend,sans-serif;
}

.c4 {
  position: relative;
  width: 2rem;
  min-width: 2rem;
  height: 2rem;
  min-height: 2rem;
  font-family: --var(google-font),Lexend,sans-serif;
}

.c5 {
  object-fit: contain;
}

.c1 {
  display: -webkit-box;
  display: -webkit-flex;
  display: -ms-flexbox;
  display: flex;
  -webkit-flex-direction: column;
  -ms-flex-direction: column;
  flex-direction: column;
  gap: 1rem;
}

.c3 {
  display: -webkit-box;
  display: -webkit-flex;
  display: -ms-flexbox;
  display: flex;
  -webkit-align-items: center;
  -webkit-box-align: center;
  -ms-flex-align: center;
  align-items: center;
  gap: 0.5rem;
}

.c6 {
  font-family: --var(google-font),Lexend,sans-serif;
  font-weight: 600;
  font-size: 1.25rem;
  line-height: 1.5rem;
  -webkit-letter-spacing: 0.0115rem;
  -moz-letter-spacing: 0.0115rem;
  -ms-letter-spacing: 0.0115rem;
  letter-spacing: 0.0115rem;
}

<div
  className="c0 c1"
>
  <div
    className="c2 c3"
  >
    <div
      className="c4"
    >
      <img
        alt=""
        className="c5"
        data-nimg="fill"
        decoding="async"
        loading="lazy"
        onError={[Function]}
        onLoad={[Function]}
        src="https://res.cloudinary.com/mock-cloudinary-cloud/image/upload/v1706872277/icons/question-mark.svg"
        style={
          {
            "bottom": 0,
            "color": "transparent",
            "height": "100%",
            "left": 0,
            "objectFit": undefined,
            "objectPosition": undefined,
            "position": "absolute",
            "right": 0,
            "top": 0,
            "width": "100%",
          }
        }
      />
    </div>
    <h1
      className="c6"
    >
      Header title
    </h1>
  </div>
  Children of the compoent goes here.
</div>
`;
