// Jest Snapshot v1, https://goo.gl/fbAQLP

exports[`OakTertiaryButton matches snapshot 1`] = `
<button
  className="sc-jlZhew sc-cwHptR dtToJh hkrMvC"
  onClick={[Function]}
  onMouseEnter={[Function]}
  onMouseLeave={[Function]}
  type="button"
>
  <div
    className="sc-aXZVg sc-gEvEer kEIIQV OzInM"
  >
    <span
      className="sc-eqUAAy bUYyl"
    >
      Click Me
    </span>
  </div>
</button>
`;
