// Jest Snapshot v1, https://jestjs.io/docs/snapshot-testing

exports[`OakGrid matches snapshot 1`] = `
.c0 {
  font-family: --var(google-font),Lexend,sans-serif;
}

.c2 {
  display: -webkit-box;
  display: -webkit-flex;
  display: -ms-flexbox;
  display: flex;
}

.c3 {
  -webkit-flex-direction: column;
  -ms-flex-direction: column;
  flex-direction: column;
  grid-column: span 1;
  grid-row: span undefined;
  grid-row: span 1;
}

.c1 {
  display: grid;
  grid-template-columns: repeat(12,1fr);
  width: 100%;
}

<div>
  <div
    class="c0 c1"
  >
    <div
      class="c0 c2 c3"
    />
  </div>
</div>
`;
