// Jest Snapshot v1, https://jestjs.io/docs/snapshot-testing

exports[`OakTextArea matches snapshot 1`] = `
.c0 {
  resize: none;
  outline: none;
  font-family: --var(google-font),Lexend,sans-serif;
}

<textarea
  className="c0 "
  disabled={false}
  onKeyDown={[Function]}
  placeholder="Start typing answer..."
/>
`;
