// Jest Snapshot v1, https://goo.gl/fbAQLP

exports[`InternalTooltip matches snapshot 1`] = `
.c0 {
  position: relative;
  width: -webkit-fit-content;
  width: -moz-fit-content;
  width: fit-content;
  height: -webkit-fit-content;
  height: -moz-fit-content;
  height: fit-content;
  font-family: Lexend,sans-serif;
}

.c2 {
  position: absolute;
  top: 0rem;
  left: 0rem;
  -webkit-transform: translateY(calc(-100% - 16px));
  -ms-transform: translateY(calc(-100% - 16px));
  transform: translateY(calc(-100% - 16px));
  font-family: Lexend,sans-serif;
  z-index: 300;
}

.c4 {
  position: relative;
  max-width: 22.5rem;
  color: #ffffff;
  background: #222222;
  font-family: Lexend,sans-serif;
}

.c1 {
  display: -webkit-box;
  display: -webkit-flex;
  display: -ms-flexbox;
  display: flex;
}

.c3 {
  display: -webkit-box;
  display: -webkit-flex;
  display: -ms-flexbox;
  display: flex;
  -webkit-flex-direction: column;
  -ms-flex-direction: column;
  flex-direction: column;
}

.c5 {
  width: -webkit-max-content;
  width: -moz-max-content;
  width: max-content;
  pointer-events: none;
}

.c6 {
  position: absolute;
  bottom: -16px;
  left: 0;
  fill: #222222;
}

@media (min-width:750px) {
  .c4 {
    max-width: 40rem;
  }
}

<div
  className="c0 c1"
>
  <div
    className="c2 c3"
    role="tooltip"
  >
    <div
      className="c4 c1 c5"
    >
      Hello there
      <svg
        className="c6"
        height="16"
        width="16"
      >
        <path
          d="M0 0H16L8 8L0 16V0Z"
        />
      </svg>
    </div>
  </div>
  Trigger!
</div>
`;
