// Jest Snapshot v1, https://jestjs.io/docs/snapshot-testing

exports[`Component OakLI matches snapshot 1`] = `
.c0 {
  display: revert;
  font-family: --var(google-font),Lexend,sans-serif;
  font-family: --var(google-font),Lexend,sans-serif;
  display: revert;
  display: revert;
}

<div>
  <li
    class="c0"
  />
</div>
`;
