// Jest Snapshot v1, https://goo.gl/fbAQLP

exports[`OakPupilJourneyLayout matches snapshot 1`] = `
.c0 {
  padding-left: 0.75rem;
  padding-right: 0.75rem;
  font-family: --var(google-font),Lexend,sans-serif;
}

.c1 {
  display: flex;
  flex-direction: column;
  align-items: center;
}

@media (min-width: 750px) {
  .c0 {
    padding-left: 1.5rem;
  }
}

@media (min-width: 750px) {
  .c0 {
    padding-right: 1.5rem;
  }
}

@media (min-width: 1280px) {
  .c2 {
    background-image: url();
    background-repeat: no-repeat;
    background-position-x: center;
    background-size: 100%;
  }
}

<div
  className="c0 c1 c2"
  sectionName="tier-listing"
>
  <p>
    Hello World
  </p>
</div>
`;
