// Jest Snapshot v1, https://goo.gl/fbAQLP

exports[`InternalButton matches snapshot 1`] = `
.c0 {
  background: none;
  color: inherit;
  border: none;
  padding: 0;
  font: inherit;
  cursor: pointer;
  text-align: left;
  font-family: unset;
  outline: none;
  font-family: --var(google-font),Lexend,sans-serif;
}

.c0:disabled {
  pointer-events: none;
  cursor: default;
}

<div>
  <button
    class="c0"
  >
    Click Me
  </button>
</div>
`;
