// Jest Snapshot v1, https://jestjs.io/docs/snapshot-testing

exports[`OakPrimaryNav matches snapshot 1`] = `
.c0 {
  padding-left: 0rem;
  padding-right: 0rem;
  margin-left: 0rem;
  margin-right: 0rem;
  margin-top: 0rem;
  margin-bottom: 0rem;
  font-family: --var(google-font),Lexend,sans-serif;
}

.c3 {
  position: relative;
  width: -webkit-max-content;
  width: -moz-max-content;
  width: max-content;
  font-family: --var(google-font),Lexend,sans-serif;
}

.c5 {
  position: absolute;
  top: 0rem;
  width: 100%;
  height: 100%;
  border-radius: 0.25rem;
  font-family: --var(google-font),Lexend,sans-serif;
}

.c8 {
  font-family: --var(google-font),Lexend,sans-serif;
}

.c10 {
  position: relative;
  font-family: --var(google-font),Lexend,sans-serif;
}

.c1 {
  display: -webkit-box;
  display: -webkit-flex;
  display: -ms-flexbox;
  display: flex;
  -webkit-flex-direction: row;
  -ms-flex-direction: row;
  flex-direction: row;
  gap: 1.5rem;
}

.c9 {
  display: -webkit-box;
  display: -webkit-flex;
  display: -ms-flexbox;
  display: flex;
  -webkit-flex-direction: row;
  -ms-flex-direction: row;
  flex-direction: row;
  -webkit-align-items: center;
  -webkit-box-align: center;
  -ms-flex-align: center;
  align-items: center;
  -webkit-box-pack: center;
  -webkit-justify-content: center;
  -ms-flex-pack: center;
  justify-content: center;
  gap: 0.5rem;
}

.c11 {
  font-family: --var(google-font),Lexend,sans-serif;
  font-weight: 600;
  font-size: 1rem;
  line-height: 1.25rem;
  -webkit-letter-spacing: 0.0115rem;
  -moz-letter-spacing: 0.0115rem;
  -ms-letter-spacing: 0.0115rem;
  letter-spacing: 0.0115rem;
  text-align: left;
}

.c2 {
  display: revert;
  font-family: --var(google-font),Lexend,sans-serif;
  font-family: --var(google-font),Lexend,sans-serif;
  list-style: none;
  display: revert;
  display: revert;
}

.c6 {
  background: none;
  color: inherit;
  border: none;
  padding: 0;
  font: inherit;
  cursor: pointer;
  text-align: left;
  font-family: unset;
  outline: none;
  font-family: --var(google-font),Lexend,sans-serif;
  color: #222222;
  background: #ffffff;
  padding-left: 1rem;
  padding-right: 1rem;
  padding-top: 0.75rem;
  padding-bottom: 0.75rem;
  border: 0.125rem solid;
  border-color: #ffffff;
  border-radius: 0.25rem;
}

.c6:disabled {
  pointer-events: none;
  cursor: default;
}

.c14 {
  background: none;
  color: inherit;
  border: none;
  padding: 0;
  font: inherit;
  cursor: pointer;
  text-align: left;
  font-family: unset;
  outline: none;
  font-family: --var(google-font),Lexend,sans-serif;
  color: #ffffff;
  background: #222222;
  padding-left: 1rem;
  padding-right: 1rem;
  padding-top: 0.75rem;
  padding-bottom: 0.75rem;
  border: 0.125rem solid;
  border-color: #222222;
  border-radius: 0.25rem;
}

.c14:disabled {
  pointer-events: none;
  cursor: default;
}

.c7 {
  position: relative;
  width: 100%;
  height: 100%;
  display: inline-block;
}

.c7:hover {
  -webkit-text-decoration: underline;
  text-decoration: underline;
  color: #222222;
  background: #f2f2f2;
  border-color: #f2f2f2;
}

.c7:hover [data-state="selected"] {
  display: none;
}

.c7:active {
  background: #ffffff;
  border-color: #ffffff;
  color: #222222;
}

.c7:active [data-state="selected"] {
  display: none;
}

.c7:disabled {
  background: #ffffff;
  border-color: #ffffff;
  color: #808080;
}

.c7:disabled [data-state="selected"] {
  display: none;
}

.c15 {
  position: relative;
  width: 100%;
  height: 100%;
  display: inline-block;
}

.c15:hover {
  -webkit-text-decoration: underline;
  text-decoration: underline;
  color: #ffffff;
  background: #575757;
  border-color: #575757;
}

.c15:hover [data-state="selected"] {
  display: none;
}

.c15:active {
  background: #222222;
  border-color: #222222;
  color: #ffffff;
}

.c15:active [data-state="selected"] {
  display: none;
}

.c15:disabled {
  background: #808080;
  border-color: #808080;
  color: #ffffff;
}

.c15:disabled [data-state="selected"] {
  display: none;
}

.c4 .grey-shadow:has(+ * + .internal-button:focus-visible) {
  box-shadow: 0 0 0 0.3rem rgba(87,87,87,100%);
}

.c4 .yellow-shadow:has(+ .internal-button:focus-visible) {
  box-shadow: 0 0 0 0.125rem rgba(255,229,85,100%);
}

.c4 .yellow-shadow:has(+ .internal-button:hover),
.c4 .yellow-shadow:has(+ .internal-button:hover:not(:focus-visible,:active)) {
  box-shadow: none;
}

.c4 .grey-shadow:has(+ * + .internal-button:hover) {
  box-shadow: none;
}

.c4 .grey-shadow:has(+ * + .internal-button:active) {
  box-shadow: 0.25rem 0.25rem 0 rgba(87,87,87,100%);
}

.c4 .yellow-shadow:has(+ .internal-button:active) {
  box-shadow: 0.125rem 0.125rem 0 rgba(255,229,85,100%);
}

.c12 .grey-shadow:has(+ * + .internal-button:focus-visible) {
  box-shadow: 0 0 0 0.3rem rgba(87,87,87,100%);
}

.c12 .yellow-shadow:has(+ .internal-button:focus-visible) {
  box-shadow: 0 0 0 0.125rem rgba(255,229,85,100%);
}

.c12 .yellow-shadow:has(+ .internal-button:hover),
.c12 .yellow-shadow:has(+ .internal-button:hover:not(:focus-visible,:active)) {
  box-shadow: 0.125rem 0.125rem 0 rgba(255,229,85,100%);
}

.c12 .grey-shadow:has(+ * + .internal-button:hover) {
  box-shadow: none;
}

.c12 .grey-shadow:has(+ * + .internal-button:active) {
  box-shadow: 0.25rem 0.25rem 0 rgba(87,87,87,100%);
}

.c12 .yellow-shadow:has(+ .internal-button:active) {
  box-shadow: 0.125rem 0.125rem 0 rgba(255,229,85,100%);
}

.c13 {
  pointer-events: none;
}

<div>
  <nav>
    <ul
      class="c0 c1"
    >
      <li
        class="c2"
      >
        <div
          class="c3 c4"
        >
          <div
            class="c5 grey-shadow"
          />
          <div
            class="c5 yellow-shadow"
          />
          <a
            class="c6 c7 internal-button"
            href="/"
          >
            <div
              class="c8 c9"
            >
              <div
                class="c10"
              >
                <span
                  class="c11"
                >
                  nav item 1
                </span>
              </div>
            </div>
          </a>
        </div>
      </li>
      <li
        class="c2"
      >
        <div
          class="c3 c12 c13"
        >
          <div
            class="c5 grey-shadow"
          />
          <div
            class="c5 yellow-shadow"
          />
          <span
            aria-current="page"
            class="c14 c15 internal-button"
          >
            <div
              class="c8 c9"
            >
              <div
                class="c10"
              >
                <span
                  class="c11"
                >
                  nav item 2
                </span>
              </div>
            </div>
          </span>
        </div>
      </li>
      <li
        class="c2"
      >
        <div
          class="c3 c4"
        >
          <div
            class="c5 grey-shadow"
          />
          <div
            class="c5 yellow-shadow"
          />
          <a
            class="c6 c7 internal-button"
            href="/"
          >
            <div
              class="c8 c9"
            >
              <div
                class="c10"
              >
                <span
                  class="c11"
                >
                  nav item 3
                </span>
              </div>
            </div>
          </a>
        </div>
      </li>
      <li
        class="c2"
      >
        <div
          class="c3 c4"
        >
          <div
            class="c5 grey-shadow"
          />
          <div
            class="c5 yellow-shadow"
          />
          <a
            class="c6 c7 internal-button"
            href="/"
          >
            <div
              class="c8 c9"
            >
              <div
                class="c10"
              >
                <span
                  class="c11"
                >
                  nav item 4
                </span>
              </div>
            </div>
          </a>
        </div>
      </li>
    </ul>
  </nav>
</div>
`;
