// Jest Snapshot v1, https://goo.gl/fbAQLP

exports[`OakLessonBottomNav matches snapshot 1`] = `
[
  .c0 {
  min-height: 3rem;
  padding: 1rem;
  font-family: Lexend,sans-serif;
}

.c3 {
  position: relative;
  width: -webkit-fit-content;
  width: -moz-fit-content;
  width: fit-content;
  height: -webkit-fit-content;
  height: -moz-fit-content;
  height: fit-content;
  font-family: Lexend,sans-serif;
}

.c5 {
  position: relative;
  font-family: Lexend,sans-serif;
}

.c10 {
  font-family: Lexend,sans-serif;
}

.c12 {
  position: relative;
  width: 2.5rem;
  min-width: 2.5rem;
  height: 2.5rem;
  color: #222222;
  background: #ffe555;
  border-radius: 6.25rem;
  font-family: Lexend,sans-serif;
}

.c14 {
  position: absolute;
  top: 0rem;
  width: 100%;
  height: 100%;
  border-radius: 6.25rem;
  font-family: Lexend,sans-serif;
}

.c15 {
  position: relative;
  width: 1.5rem;
  height: 1.5rem;
  font-family: Lexend,sans-serif;
}

.c18 {
  width: 100%;
  height: -webkit-fit-content;
  height: -moz-fit-content;
  height: fit-content;
  font-family: Lexend,sans-serif;
}

.c1 {
  display: -webkit-box;
  display: -webkit-flex;
  display: -ms-flexbox;
  display: flex;
  -webkit-flex-direction: column;
  -ms-flex-direction: column;
  flex-direction: column;
  gap: 1.5rem;
}

.c4 {
  display: -webkit-box;
  display: -webkit-flex;
  display: -ms-flexbox;
  display: flex;
}

.c11 {
  display: -webkit-box;
  display: -webkit-flex;
  display: -ms-flexbox;
  display: flex;
  -webkit-flex-direction: row;
  -ms-flex-direction: row;
  flex-direction: row;
  -webkit-align-items: center;
  -webkit-box-align: center;
  -ms-flex-align: center;
  align-items: center;
  -webkit-box-pack: center;
  -webkit-justify-content: center;
  -ms-flex-pack: center;
  justify-content: center;
  gap: 0.75rem;
}

.c13 {
  display: -webkit-box;
  display: -webkit-flex;
  display: -ms-flexbox;
  display: flex;
  -webkit-align-items: center;
  -webkit-box-align: center;
  -ms-flex-align: center;
  align-items: center;
  -webkit-box-pack: center;
  -webkit-justify-content: center;
  -ms-flex-pack: center;
  justify-content: center;
}

.c19 {
  display: -webkit-box;
  display: -webkit-flex;
  display: -ms-flexbox;
  display: flex;
  -webkit-box-pack: initial;
  -webkit-justify-content: initial;
  -ms-flex-pack: initial;
  justify-content: initial;
  -webkit-align-self: flex-end;
  -ms-flex-item-align: end;
  align-self: flex-end;
  -webkit-box-flex: 1;
  -webkit-flex-grow: 1;
  -ms-flex-positive: 1;
  flex-grow: 1;
}

.c17 {
  font-family: Lexend,sans-serif;
  font-weight: 700;
  font-size: 1.125rem;
  line-height: 1.75rem;
  -webkit-letter-spacing: -0.005rem;
  -moz-letter-spacing: -0.005rem;
  -ms-letter-spacing: -0.005rem;
  letter-spacing: -0.005rem;
}

.c16 {
  object-fit: contain;
}

.c8 {
  background: none;
  color: inherit;
  border: none;
  padding: 0;
  font: inherit;
  cursor: pointer;
  text-align: left;
  font-family: unset;
  outline: none;
  font-family: Lexend,sans-serif;
  color: #222222;
}

.c8:disabled {
  pointer-events: none;
  cursor: default;
}

.c9 {
  position: relative;
}

.c9:hover {
  -webkit-text-decoration: underline;
  text-decoration: underline;
  color: #222222;
}

.c9:active {
  color: #222222;
}

.c9:disabled {
  color: #808080;
}

.c6 > :first-child:focus-visible .shadow {
  box-shadow: 0 0 0 0.125rem rgba(255,229,85,100%), 0 0 0 0.3rem rgba(87,87,87,100%);
}

.c6 > :first-child:hover .shadow {
  box-shadow: 0.125rem 0.125rem 0 rgba(255,229,85,100%);
}

.c6 > :first-child:active .shadow {
  box-shadow: 0.125rem 0.125rem 0 rgba(255,229,85,100%), 0.25rem 0.25rem 0 rgba(87,87,87,100%);
}

.c6 > :first-child:disabled .icon-container {
  background: #808080;
}

.c6 > :first-child:hover .icon-container {
  background: #ffe555;
}

.c6 > :first-child:active .icon-container {
  background: #ffe555;
}

.c7:hover .shadow {
  box-shadow: none !important;
}

.c7:active .shadow {
  box-shadow: 0.125rem 0.125rem 0 rgba(255,229,85,100%), 0.25rem 0.25rem 0 rgba(87,87,87,100%) !important;
}

.c2 {
  box-sizing: content-box;
}

@media (min-width:750px) {
  .c18 {
    width: auto;
  }
}

@media (min-width:750px) {
  .c1 {
    -webkit-flex-direction: row;
    -ms-flex-direction: row;
    flex-direction: row;
  }
}

@media (min-width:750px) {
  .c19 {
    -webkit-box-pack: end;
    -webkit-justify-content: flex-end;
    -ms-flex-pack: end;
    justify-content: flex-end;
  }
}

<div
    className="c0 c1 c2"
  >
    <div
      className="c3 c4"
    >
      <div
        className="c5 c6 c7"
      >
        <button
          className="c8 c9"
          onClick={[Function]}
          onMouseEnter={[Function]}
          onMouseLeave={[Function]}
        >
          <div
            className="c10 c11"
          >
            <div
              className="c12 c13 icon-container"
            >
              <div
                className="c14 shadow"
              />
              <div
                className="c15"
              >
                <img
                  alt="lightbulb"
                  className="c16"
                  data-nimg="fill"
                  decoding="async"
                  loading="lazy"
                  onError={[Function]}
                  onLoad={[Function]}
                  src="https://res.cloudinary.com/mock-cloudinary-cloud/image/upload/v1705078631/icons/zldisxmbff36z68rwcef.svg"
                  style={
                    {
                      "bottom": 0,
                      "color": "transparent",
                      "height": "100%",
                      "left": 0,
                      "objectFit": undefined,
                      "objectPosition": undefined,
                      "position": "absolute",
                      "right": 0,
                      "top": 0,
                      "width": "100%",
                    }
                  }
                />
              </div>
            </div>
            <span
              className="c17"
            >
              Need a hint?
            </span>
          </div>
        </button>
      </div>
    </div>
    <div
      className="c18 c19"
    />
  </div>,
  .c0 {
  min-height: 3rem;
  padding: 1rem;
  font-family: Lexend,sans-serif;
}

.c3 {
  font-family: Lexend,sans-serif;
}

.c10 {
  width: 100%;
  height: -webkit-fit-content;
  height: -moz-fit-content;
  height: fit-content;
  font-family: Lexend,sans-serif;
}

.c5 {
  width: 1.5rem;
  height: 1.5rem;
  padding: 0rem;
  background: #287c34;
  border-radius: 6.25rem;
  font-family: Lexend,sans-serif;
}

.c6 {
  position: relative;
  width: 100%;
  height: 100%;
  font-family: Lexend,sans-serif;
}

.c1 {
  display: -webkit-box;
  display: -webkit-flex;
  display: -ms-flexbox;
  display: flex;
  -webkit-flex-direction: column;
  -ms-flex-direction: column;
  flex-direction: column;
  gap: 1.5rem;
}

.c11 {
  display: -webkit-box;
  display: -webkit-flex;
  display: -ms-flexbox;
  display: flex;
  -webkit-box-pack: initial;
  -webkit-justify-content: initial;
  -ms-flex-pack: initial;
  justify-content: initial;
  -webkit-align-self: flex-end;
  -ms-flex-item-align: end;
  align-self: flex-end;
  -webkit-box-flex: 1;
  -webkit-flex-grow: 1;
  -ms-flex-positive: 1;
  flex-grow: 1;
}

.c4 {
  display: -webkit-box;
  display: -webkit-flex;
  display: -ms-flexbox;
  display: flex;
  gap: 0.75rem;
}

.c8 {
  color: #287c34;
  font-family: Lexend,sans-serif;
  font-weight: 600;
  font-size: 1.25rem;
  line-height: 1.5rem;
  -webkit-letter-spacing: 0.0115rem;
  -moz-letter-spacing: 0.0115rem;
  -ms-letter-spacing: 0.0115rem;
  letter-spacing: 0.0115rem;
}

.c9 {
  margin-top: 0.75rem;
  font-family: Lexend,sans-serif;
  font-weight: 700;
  font-size: 1rem;
  line-height: 1.5rem;
  -webkit-letter-spacing: -0.005rem;
  -moz-letter-spacing: -0.005rem;
  -ms-letter-spacing: -0.005rem;
  letter-spacing: -0.005rem;
}

.c7 {
  -webkit-filter: invert(98%) sepia(98%) saturate(0%) hue-rotate(328deg) brightness(102%) contrast(102%);
  filter: invert(98%) sepia(98%) saturate(0%) hue-rotate(328deg) brightness(102%) contrast(102%);
  object-fit: contain;
}

.c2 {
  box-sizing: content-box;
}

@media (min-width:750px) {
  .c10 {
    width: auto;
  }
}

@media (min-width:750px) {
  .c1 {
    -webkit-flex-direction: row;
    -ms-flex-direction: row;
    flex-direction: row;
  }
}

@media (min-width:750px) {
  .c11 {
    -webkit-box-pack: end;
    -webkit-justify-content: flex-end;
    -ms-flex-pack: end;
    justify-content: flex-end;
  }
}

<div
    className="c0 c1 c2"
  >
    <div
      className="c3"
    >
      <div
        className="c3 c4"
      >
        <div
          className="c5"
        >
          <div
            className="c6"
          >
            <img
              alt="tick"
              className="c7"
              data-nimg="fill"
              decoding="async"
              loading="lazy"
              onError={[Function]}
              onLoad={[Function]}
              src="https://res.cloudinary.com/mock-cloudinary-cloud/image/upload/v1699954310/icons/efd3esaor6zqk7seh6kt.svg"
              style={
                {
                  "bottom": 0,
                  "color": "transparent",
                  "height": "100%",
                  "left": 0,
                  "objectFit": undefined,
                  "objectPosition": undefined,
                  "position": "absolute",
                  "right": 0,
                  "top": 0,
                  "width": "100%",
                }
              }
            />
          </div>
        </div>
        <span
          className="c8"
        >
          Correct
        </span>
      </div>
      <p
        className="c9"
      >
        Well done!
      </p>
    </div>
    <div
      className="c10 c11"
    />
  </div>,
  .c0 {
  min-height: 3rem;
  padding: 1rem;
  font-family: Lexend,sans-serif;
}

.c3 {
  font-family: Lexend,sans-serif;
}

.c10 {
  width: 100%;
  height: -webkit-fit-content;
  height: -moz-fit-content;
  height: fit-content;
  font-family: Lexend,sans-serif;
}

.c6 {
  position: relative;
  width: 100%;
  height: 100%;
  font-family: Lexend,sans-serif;
}

.c5 {
  width: 1.5rem;
  height: 1.5rem;
  padding: 0rem;
  background: #dd0035;
  border-radius: 6.25rem;
  font-family: Lexend,sans-serif;
}

.c1 {
  display: -webkit-box;
  display: -webkit-flex;
  display: -ms-flexbox;
  display: flex;
  -webkit-flex-direction: column;
  -ms-flex-direction: column;
  flex-direction: column;
  gap: 1.5rem;
}

.c11 {
  display: -webkit-box;
  display: -webkit-flex;
  display: -ms-flexbox;
  display: flex;
  -webkit-box-pack: initial;
  -webkit-justify-content: initial;
  -ms-flex-pack: initial;
  justify-content: initial;
  -webkit-align-self: flex-end;
  -ms-flex-item-align: end;
  align-self: flex-end;
  -webkit-box-flex: 1;
  -webkit-flex-grow: 1;
  -ms-flex-positive: 1;
  flex-grow: 1;
}

.c4 {
  display: -webkit-box;
  display: -webkit-flex;
  display: -ms-flexbox;
  display: flex;
  gap: 0.75rem;
}

.c8 {
  color: #dd0035;
  font-family: Lexend,sans-serif;
  font-weight: 600;
  font-size: 1.25rem;
  line-height: 1.5rem;
  -webkit-letter-spacing: 0.0115rem;
  -moz-letter-spacing: 0.0115rem;
  -ms-letter-spacing: 0.0115rem;
  letter-spacing: 0.0115rem;
}

.c9 {
  margin-top: 0.75rem;
  font-family: Lexend,sans-serif;
  font-weight: 300;
  font-size: 1rem;
  line-height: 1.5rem;
  -webkit-letter-spacing: -0.005rem;
  -moz-letter-spacing: -0.005rem;
  -ms-letter-spacing: -0.005rem;
  letter-spacing: -0.005rem;
}

.c7 {
  -webkit-filter: invert(98%) sepia(98%) saturate(0%) hue-rotate(328deg) brightness(102%) contrast(102%);
  filter: invert(98%) sepia(98%) saturate(0%) hue-rotate(328deg) brightness(102%) contrast(102%);
  object-fit: contain;
}

.c2 {
  box-sizing: content-box;
}

@media (min-width:750px) {
  .c10 {
    width: auto;
  }
}

@media (min-width:750px) {
  .c1 {
    -webkit-flex-direction: row;
    -ms-flex-direction: row;
    flex-direction: row;
  }
}

@media (min-width:750px) {
  .c11 {
    -webkit-box-pack: end;
    -webkit-justify-content: flex-end;
    -ms-flex-pack: end;
    justify-content: flex-end;
  }
}

<div
    className="c0 c1 c2"
  >
    <div
      className="c3"
    >
      <div
        className="c3 c4"
      >
        <div
          className="c5"
        >
          <div
            className="c6"
          >
            <img
              alt="cross"
              className="c7"
              data-nimg="fill"
              decoding="async"
              loading="lazy"
              onError={[Function]}
              onLoad={[Function]}
              src="https://res.cloudinary.com/mock-cloudinary-cloud/image/upload/v1699895179/icons/xigimrbivcaxt4omxamp.svg"
              style={
                {
                  "bottom": 0,
                  "color": "transparent",
                  "height": "100%",
                  "left": 0,
                  "objectFit": undefined,
                  "objectPosition": undefined,
                  "position": "absolute",
                  "right": 0,
                  "top": 0,
                  "width": "100%",
                }
              }
            />
          </div>
        </div>
        <span
          className="c8"
        >
          Incorrect
        </span>
      </div>
      <p
        className="c9"
      >
        Keep trying
      </p>
    </div>
    <div
      className="c10 c11"
    />
  </div>,
  .c0 {
  min-height: 3rem;
  padding: 1rem;
  font-family: Lexend,sans-serif;
}

.c3 {
  font-family: Lexend,sans-serif;
}

.c10 {
  width: 100%;
  height: -webkit-fit-content;
  height: -moz-fit-content;
  height: fit-content;
  font-family: Lexend,sans-serif;
}

.c5 {
  width: 1.5rem;
  height: 1.5rem;
  padding: 0rem;
  background: #287c34;
  border-radius: 6.25rem;
  font-family: Lexend,sans-serif;
}

.c6 {
  position: relative;
  width: 100%;
  height: 100%;
  font-family: Lexend,sans-serif;
}

.c1 {
  display: -webkit-box;
  display: -webkit-flex;
  display: -ms-flexbox;
  display: flex;
  -webkit-flex-direction: column;
  -ms-flex-direction: column;
  flex-direction: column;
  gap: 1.5rem;
}

.c11 {
  display: -webkit-box;
  display: -webkit-flex;
  display: -ms-flexbox;
  display: flex;
  -webkit-box-pack: initial;
  -webkit-justify-content: initial;
  -ms-flex-pack: initial;
  justify-content: initial;
  -webkit-align-self: flex-end;
  -ms-flex-item-align: end;
  align-self: flex-end;
  -webkit-box-flex: 1;
  -webkit-flex-grow: 1;
  -ms-flex-positive: 1;
  flex-grow: 1;
}

.c4 {
  display: -webkit-box;
  display: -webkit-flex;
  display: -ms-flexbox;
  display: flex;
  gap: 0.75rem;
}

.c8 {
  color: #287c34;
  font-family: Lexend,sans-serif;
  font-weight: 600;
  font-size: 1.25rem;
  line-height: 1.5rem;
  -webkit-letter-spacing: 0.0115rem;
  -moz-letter-spacing: 0.0115rem;
  -ms-letter-spacing: 0.0115rem;
  letter-spacing: 0.0115rem;
}

.c9 {
  margin-top: 0.75rem;
  font-family: Lexend,sans-serif;
  font-weight: 700;
  font-size: 1rem;
  line-height: 1.5rem;
  -webkit-letter-spacing: -0.005rem;
  -moz-letter-spacing: -0.005rem;
  -ms-letter-spacing: -0.005rem;
  letter-spacing: -0.005rem;
}

.c7 {
  -webkit-filter: invert(98%) sepia(98%) saturate(0%) hue-rotate(328deg) brightness(102%) contrast(102%);
  filter: invert(98%) sepia(98%) saturate(0%) hue-rotate(328deg) brightness(102%) contrast(102%);
  object-fit: contain;
}

.c2 {
  box-sizing: content-box;
}

@media (min-width:750px) {
  .c10 {
    width: auto;
  }
}

@media (min-width:750px) {
  .c1 {
    -webkit-flex-direction: row;
    -ms-flex-direction: row;
    flex-direction: row;
  }
}

@media (min-width:750px) {
  .c11 {
    -webkit-box-pack: end;
    -webkit-justify-content: flex-end;
    -ms-flex-pack: end;
    justify-content: flex-end;
  }
}

<div
    className="c0 c1 c2"
  >
    <div
      className="c3"
    >
      <div
        className="c3 c4"
      >
        <div
          className="c5"
        >
          <div
            className="c6"
          >
            <img
              alt="tick"
              className="c7"
              data-nimg="fill"
              decoding="async"
              loading="lazy"
              onError={[Function]}
              onLoad={[Function]}
              src="https://res.cloudinary.com/mock-cloudinary-cloud/image/upload/v1699954310/icons/efd3esaor6zqk7seh6kt.svg"
              style={
                {
                  "bottom": 0,
                  "color": "transparent",
                  "height": "100%",
                  "left": 0,
                  "objectFit": undefined,
                  "objectPosition": undefined,
                  "position": "absolute",
                  "right": 0,
                  "top": 0,
                  "width": "100%",
                }
              }
            />
          </div>
        </div>
        <span
          className="c8"
        >
          Correct
        </span>
      </div>
      <p
        className="c9"
      >
        Nearly there
      </p>
    </div>
    <div
      className="c10 c11"
    />
  </div>,
]
`;
