// Jest Snapshot v1, https://goo.gl/fbAQLP

exports[`OakQuizRadioButton matches snapshot 1`] = `
.c0 {
  font-family: --var(google-font),Lexend,sans-serif;
}

.c2 {
  position: relative;
  padding: 1.25rem;
  background: #ffffff;
  border-radius: 0.5rem;
  font-family: --var(google-font),Lexend,sans-serif;
}

.c2:hover {
  cursor: pointer;
}

.c7 {
  position: relative;
  width: 2rem;
  height: 2rem;
  font-family: --var(google-font),Lexend,sans-serif;
}

.c12 {
  position: absolute;
  top: 0rem;
  left: 0rem;
  width: 2rem;
  height: 2rem;
  background: #ffffff;
  border: 0.125rem solid;
  border-color: #222222;
  font-family: --var(google-font),Lexend,sans-serif;
}

.c1 {
  display: -webkit-box;
  display: -webkit-flex;
  display: -ms-flexbox;
  display: flex;
  gap: 1rem;
}

.c3 {
  display: -webkit-box;
  display: -webkit-flex;
  display: -ms-flexbox;
  display: flex;
  -webkit-align-content: center;
  -ms-flex-line-pack: center;
  align-content: center;
  -webkit-box-pack: justify;
  -webkit-justify-content: space-between;
  -ms-flex-pack: justify;
  justify-content: space-between;
}

.c8 {
  display: -webkit-box;
  display: -webkit-flex;
  display: -ms-flexbox;
  display: flex;
  -webkit-align-items: center;
  -webkit-box-align: center;
  -ms-flex-align: center;
  align-items: center;
  -webkit-box-pack: center;
  -webkit-justify-content: center;
  -ms-flex-pack: center;
  justify-content: center;
  -webkit-flex-shrink: 0;
  -ms-flex-negative: 0;
  flex-shrink: 0;
}

.c13 {
  display: -webkit-box;
  display: -webkit-flex;
  display: -ms-flexbox;
  display: flex;
  -webkit-align-items: center;
  -webkit-box-align: center;
  -ms-flex-align: center;
  align-items: center;
  -webkit-box-pack: center;
  -webkit-justify-content: center;
  -ms-flex-pack: center;
  justify-content: center;
  -webkit-box-flex: 0;
  -webkit-flex-grow: 0;
  -ms-flex-positive: 0;
  flex-grow: 0;
  -webkit-flex-shrink: 0;
  -ms-flex-negative: 0;
  flex-shrink: 0;
}

.c5 {
  font-family: --var(google-font),Lexend,sans-serif;
  font-weight: 300;
  font-size: 1.125rem;
  line-height: 1.75rem;
  -webkit-letter-spacing: -0.005rem;
  -moz-letter-spacing: -0.005rem;
  -ms-letter-spacing: -0.005rem;
  letter-spacing: -0.005rem;
}

.c10 {
  -webkit-appearance: none;
  -webkit-appearance: none;
  -moz-appearance: none;
  appearance: none;
  cursor: pointer;
  margin: 0;
  outline: none;
  border: 0rem solid;
  border-color: #222222;
  border-radius: 0.125rem;
}

.c10:checked {
  background: #222222;
}

.c10:disabled {
  pointer-events: none;
}

.c14 {
  border-radius: 50%;
}

.c9:checked ~ .c11::after {
  content: "";
  height: 1.5rem;
  width: 1.5rem;
  background: #222222;
  position: absolute;
  border-radius: 50%;
  border: 0.125rem solid #ffffff;
}

.c6 {
  cursor: pointer;
  display: -webkit-box;
  display: -webkit-flex;
  display: -ms-flexbox;
  display: flex;
  gap: 1rem;
  -webkit-align-items: center;
  -webkit-box-align: center;
  -ms-flex-align: center;
  align-items: center;
}

.c4:hover {
  cursor: pointer;
}

.c4:focus-within {
  box-shadow: 0 0 0 0.125rem rgba(255,229,85,100%), 0 0 0 0.3rem rgba(87,87,87,100%);
}

.c4:hover {
  background-color: #dff9de;
  -webkit-text-decoration: underline;
  text-decoration: underline;
}

.c4:hover:not(:focus-within)::after {
  pointer-events: none;
  content: "";
  position: absolute;
  inset: 0;
  border-radius: 0.5rem;
  border-bottom: 0.188rem solid #575757;
}

@media (hover:hover) {
  .c10:hover:not(:disabled) {
    border-color: #222222;
  }
}

<div>
  <div
    class="c0 c1"
    role="radiogroup"
  >
    <div
      class="c2 c3 c4"
    >
      <div
        class="c0"
      >
        <label
          class="c5 c6"
          for="checkbox-1"
        >
          <div
            class="c7 c8"
          >
            <input
              class="c9 c10"
              id="checkbox-1"
              name="quiz-radio-group"
              type="radio"
              value="Option 1"
            />
            <div
              class="c11 c12 c13 c14"
            />
          </div>
          Radio option
        </label>
      </div>
    </div>
  </div>
</div>
`;
