// Jest Snapshot v1, https://goo.gl/fbAQLP

exports[`OakQuizRadioButton matches snapshot 1`] = `
.c0 {
  position: relative;
  padding: 1.25rem;
  background: #ffffff;
  border-radius: 0.5rem;
  font-family: --var(google-font),Lexend,sans-serif;
}

.c0 :hover {
  cursor: pointer;
}

.c3 {
  font-family: --var(google-font),Lexend,sans-serif;
}

.c6 {
  position: relative;
  width: 2rem;
  height: 2rem;
  font-family: --var(google-font),Lexend,sans-serif;
}

.c9 {
  position: absolute;
  top: 0rem;
  left: 0rem;
  width: 2rem;
  height: 2rem;
  background: #ffffff;
  border: 0.125rem solid;
  border-color: #222222;
  font-family: --var(google-font),Lexend,sans-serif;
}

.c1 {
  display: flex;
  align-content: center;
  justify-content: space-between;
}

.c10 {
  display: flex;
  align-items: center;
  justify-content: center;
  flex-grow: 0;
  flex-shrink: 0;
}

.c4 {
  font-family: --var(google-font),Lexend,sans-serif;
  font-weight: 300;
  font-size: 1.125rem;
  line-height: 1.75rem;
  letter-spacing: -0.005rem;
}

.c8 {
  -webkit-appearance: none;
  appearance: none;
  cursor: pointer;
  margin: 0;
  outline: none;
  border: 0.125rem solid;
  border-color: #222222;
  border-radius: 0.125rem;
}

.c8:checked {
  background: #222222;
}

.c8:disabled {
  pointer-events: none;
}

.c11 {
  border-radius: 50%;
}

.c7:checked~.c11::after {
  content: "";
  height: 1.5rem;
  width: 1.5rem;
  background: #222222;
  position: absolute;
  border-radius: 50%;
  border: 0.125rem solid #ffffff;
}

.c5 {
  cursor: pointer;
  display: flex;
  gap: 1rem;
  align-items: center;
}

.c2:hover {
  cursor: pointer;
}

.c2:focus-within {
  box-shadow: 0 0 0 0.125rem rgba(255, 229, 85, 100%),0 0 0 0.3rem rgba(87, 87, 87, 100%);
}

.c2:hover {
  background-color: #dff9de;
  text-decoration: underline;
}

.c2:hover:not(:focus-within)::after {
  pointer-events: none;
  content: "";
  position: absolute;
  inset: 0;
  border-radius: 0.5rem;
  border-bottom: 0.188rem solid #575757;
}

@media (hover: hover) {
  .c8:hover:not(:disabled) {
    border-color: #222222;
  }
}

<div
  className="c0 c1 c2"
  onClick={[Function]}
>
  <div
    className="c3"
  >
    <label
      className="c4 c5"
      htmlFor="checkbox-1"
    >
      <div
        className="c6"
      >
        <input
          checked={false}
          className="c7 c8"
          id="checkbox-1"
          name="default"
          onMouseEnter={[Function]}
          onMouseLeave={[Function]}
          type="radio"
          value="Option 1"
        />
        <div
          className="c9 c10 c11"
        />
      </div>
      Radio option
    </label>
  </div>
</div>
`;
