// Jest Snapshot v1, https://goo.gl/fbAQLP

exports[`OakMediaClip matches snapshot 1`] = `
[
  .c1 {
  position: relative;
  border-radius: 0.25rem;
  font-family: --var(google-font),Lexend,sans-serif;
}

.c4 {
  position: absolute;
  top: 0rem;
  width: 100%;
  height: 100%;
  border-radius: 0.25rem;
  font-family: --var(google-font),Lexend,sans-serif;
}

.c7 {
  width: 100%;
  font-family: --var(google-font),Lexend,sans-serif;
}

.c9 {
  position: relative;
  width: 6.25rem;
  height: 3.5rem;
  margin-right: 1rem;
  border-radius: 0.125rem;
  font-family: --var(google-font),Lexend,sans-serif;
}

.c12 {
  position: relative;
  width: 100%;
  font-family: --var(google-font),Lexend,sans-serif;
}

.c14 {
  position: absolute;
  right: 0.25rem;
  bottom: 0.25rem;
  color: #ffffff;
  background: #222222;
  border-radius: 0.125rem;
  font-family: --var(google-font),Lexend,sans-serif;
  font-weight: 300;
  font-size: 0.75rem;
  line-height: 1rem;
  -webkit-letter-spacing: -0.005rem;
  -moz-letter-spacing: -0.005rem;
  -ms-letter-spacing: -0.005rem;
  letter-spacing: -0.005rem;
}

.c8 {
  display: -webkit-box;
  display: -webkit-flex;
  display: -ms-flexbox;
  display: flex;
  -webkit-flex-direction: row;
  -ms-flex-direction: row;
  flex-direction: row;
  -webkit-align-items: center;
  -webkit-box-align: center;
  -ms-flex-align: center;
  align-items: center;
}

.c10 {
  display: -webkit-box;
  display: -webkit-flex;
  display: -ms-flexbox;
  display: flex;
  -webkit-flex-shrink: 0;
  -ms-flex-negative: 0;
  flex-shrink: 0;
}

.c17 {
  display: -webkit-box;
  display: -webkit-flex;
  display: -ms-flexbox;
  display: flex;
  -webkit-flex-direction: column;
  -ms-flex-direction: column;
  flex-direction: column;
  gap: 0.25rem;
}

.c13 {
  object-fit: contain;
}

.c19 {
  font-family: --var(google-font),Lexend,sans-serif;
  font-weight: 600;
  font-size: 1rem;
  line-height: 1.25rem;
  -webkit-letter-spacing: 0.0115rem;
  -moz-letter-spacing: 0.0115rem;
  -ms-letter-spacing: 0.0115rem;
  letter-spacing: 0.0115rem;
  text-overflow: ellipsis;
  color: #222222;
}

.c0 {
  margin-bottom: 0.5rem;
  display: revert;
  font-family: --var(google-font),Lexend,sans-serif;
  font-family: --var(google-font),Lexend,sans-serif;
  display: revert;
  display: revert;
}

.c16 {
  font-family: --var(google-font),Lexend,sans-serif;
}

.c20 {
  font-family: --var(google-font),Lexend,sans-serif;
  font-weight: 300;
  font-size: 0.875rem;
  line-height: 1.25rem;
  -webkit-letter-spacing: -0.005rem;
  -moz-letter-spacing: -0.005rem;
  -ms-letter-spacing: -0.005rem;
  letter-spacing: -0.005rem;
  white-space: nowrap;
  text-overflow: ellipsis;
  overflow: hidden;
  color: #575757;
}

.c5 {
  background: none;
  color: inherit;
  border: none;
  padding: 0;
  font: inherit;
  cursor: pointer;
  text-align: left;
  font-family: unset;
  outline: none;
  font-family: --var(google-font),Lexend,sans-serif;
  color: #ffffff;
  background: #ffffff;
  padding: 0.5rem;
  border-color: transparent;
  border-radius: 0.25rem;
}

.c5:disabled {
  pointer-events: none;
  cursor: default;
}

.c2 .grey-shadow:has(+ * + .internal-button:focus-visible) {
  box-shadow: 0 0 0 0.3rem rgba(87,87,87,100%);
}

.c2 .yellow-shadow:has(+ .internal-button:focus-visible) {
  box-shadow: 0 0 0 0.125rem rgba(255,229,85,100%);
}

.c2 .grey-shadow:has(+ * + .internal-button:hover) {
  box-shadow: none;
}

.c2 .grey-shadow:has(+ * + .internal-button:active) {
  box-shadow: 0.25rem 0.25rem 0 rgba(87,87,87,100%);
}

.c2 .yellow-shadow:has(+ .internal-button:active) {
  box-shadow: 0.125rem 0.125rem 0 rgba(255,229,85,100%);
}

.c15 {
  opacity: 0.9;
  padding-left: 2px;
  padding-right: 2px;
}

.c3 {
  min-height: 72px;
  width: 100%;
}

.c11 img {
  border-radius: 2px;
  width: 100%;
  height: 100%;
  object-fit: cover;
}

.c18 {
  position: "relative";
  overflow: hidden;
  text-overflow: ellipsis;
}

.c18 h4 {
  display: -webkit-box;
  -webkit-box-orient: vertical;
  overflow: hidden;
  text-overflow: ellipsis;
  -webkit-line-clamp: 3;
}

.c6 {
  position: relative;
  width: 100%;
  height: 100%;
  display: inline-block;
  -webkit-transition: opacity 300ms ease-out;
  transition: opacity 300ms ease-out;
}

.c6:hover {
  color: #222222;
  background: #f2f2f2;
  border-color: transparent;
}

.c6:hover h4 {
  -webkit-text-decoration: underline;
  text-decoration: underline;
}

.c6:disabled {
  background: #e4e4e4;
  border-color: #808080;
  color: #808080;
}

<li
    className="c0"
  >
    <div
      className="c1 c2 c3"
    >
      <div
        className="c4 grey-shadow"
      />
      <div
        className="c4 yellow-shadow"
      />
      <button
        className="c5 c6 internal-button"
        defaultBorderColor="transparent"
        justifyContent="flex-start"
        muxPlayingState="standard"
        onClick={[Function]}
        onMouseEnter={[Function]}
        onMouseLeave={[Function]}
        tabIndex={0}
      >
        <div
          className="c7 c8"
        >
          <div
            className="c9 c10 c11"
          >
            <div
              className="c12 "
            >
              <img
                alt="Test Image"
                className="c13"
                data-nimg="fill"
                decoding="async"
                loading="lazy"
                onError={[Function]}
                onLoad={[Function]}
                sizes="100vw"
                src="/_next/image?url=%2Ftest-image.jpg&w=3840&q=75"
                srcSet="/_next/image?url=%2Ftest-image.jpg&w=640&q=75 640w, /_next/image?url=%2Ftest-image.jpg&w=750&q=75 750w, /_next/image?url=%2Ftest-image.jpg&w=828&q=75 828w, /_next/image?url=%2Ftest-image.jpg&w=1080&q=75 1080w, /_next/image?url=%2Ftest-image.jpg&w=1200&q=75 1200w, /_next/image?url=%2Ftest-image.jpg&w=1920&q=75 1920w, /_next/image?url=%2Ftest-image.jpg&w=2048&q=75 2048w, /_next/image?url=%2Ftest-image.jpg&w=3840&q=75 3840w"
                style={
                  {
                    "bottom": 0,
                    "color": "transparent",
                    "height": "100%",
                    "left": 0,
                    "objectFit": undefined,
                    "objectPosition": undefined,
                    "position": "absolute",
                    "right": 0,
                    "top": 0,
                    "width": "100%",
                  }
                }
              />
            </div>
            <div
              aria-label="Media clip length: 10 minutes and 57 seconds"
              className="c14 c15"
            >
              <label
                className="c16"
              >
                10:57
              </label>
            </div>
          </div>
          <div
            className="c7 c17 c18"
          >
            <h4
              className="c19"
            >
              Test Clip
            </h4>
            <p
              className="c20"
            >
              Cycle 1
            </p>
          </div>
        </div>
      </button>
    </div>
  </li>,
  ",",
]
`;
