// Jest Snapshot v1, https://goo.gl/fbAQLP

exports[`InternalCheckBoxWrapper matches snapshot 1`] = `
[
  .c0:where(span) {
  display: block;
}

.c0:where(*) {
  position: relative;
  width: 1.5rem;
  height: 1.5rem;
  font-family: --var(google-font),Lexend,sans-serif;
}

.c2:where(span) {
  display: block;
}

.c2:where(*) {
  position: absolute;
  top: 0rem;
  left: 0rem;
  width: 1.5rem;
  height: 1.5rem;
  padding: 0rem;
  font-family: --var(google-font),Lexend,sans-serif;
}

.c3 {
  pointer-events: none;
  opacity: 0;
}

input:checked + .c1 {
  opacity: 1;
}

<div
    className="c0"
  >
    <input
      data-testid="test-input"
      id="checkbox-1"
      type="checkbox"
      value="Option 1"
    />
    <div
      className="c1 c2 c3"
    >
      <div
        data-testid="test-icon"
      >
        Checked
      </div>
    </div>
  </div>,
  ",",
]
`;
