// Jest Snapshot v1, https://goo.gl/fbAQLP

exports[`OakRoundIcon matches snapshot 1`] = `
.c0 {
  width: 3rem;
  height: 3rem;
  padding: 0.25rem;
  background: #ffe555;
  border-radius: 6.25rem;
  font-family: --var(google-font),Lexend,sans-serif;
}

.c1 {
  position: relative;
  width: 100%;
  min-width: 100%;
  height: 100%;
  min-height: 100%;
  font-family: --var(google-font),Lexend,sans-serif;
}

.c2 {
  object-fit: contain;
}

<div
  className="c0"
>
  <div
    className="c1"
  >
    <img
      alt="home"
      className="c2"
      data-nimg="fill"
      decoding="async"
      loading="lazy"
      onError={[Function]}
      onLoad={[Function]}
      src="https://res.cloudinary.com/mock-cloudinary-cloud/image/upload/v1699887218/icons/gvqxjxcw07ei2kkmwnes.svg"
      style={
        {
          "bottom": 0,
          "color": "transparent",
          "height": "100%",
          "left": 0,
          "objectFit": undefined,
          "objectPosition": undefined,
          "position": "absolute",
          "right": 0,
          "top": 0,
          "width": "100%",
        }
      }
    />
  </div>
</div>
`;
