// Jest Snapshot v1, https://goo.gl/fbAQLP

exports[`InternalTextInput matches snapshot 1`] = `
.c0 {
  appearance: none!important;
  border: 0;
  border-radius: 0;
  border-color: transparent;
  box-shadow: none;
  font-family: inherit;
  background: transparent;
  outline: none;
  color: inherit;
}

.c0::-webkit-search-decoration,
.c0::-webkit-search-cancel-button,
.c0::-webkit-search-results-button,
.c0::-webkit-search-results-decoration {
  appearance: none;
}

.c0:disabled {
  cursor: not-allowed;
}

@media (max-width: 750px) {
  .c0 {
    font-size: 16px;
  }
}

<input
  className="c0"
  onFocus={[Function]}
/>
`;
