// Jest Snapshot v1, https://goo.gl/fbAQLP

exports[`OakCheckBox matches snapshot 1`] = `
<label
  className="sc-cPiKLX sc-dLMFU drolBn dxcRFk"
  disabled={false}
  htmlFor="checkbox-1"
  onMouseEnter={[Function]}
  onMouseLeave={[Function]}
>
  <div
    className="sc-dcJsrY aPspN"
  >
    <input
      className="sc-aXZVg sc-gEvEer sc-fqkvVR lbxHic gLsbmo tJZSL"
      defaultChecked={false}
      disabled={false}
      id="checkbox-1"
      name="checkbox-1"
      onMouseEnter={[Function]}
      onMouseLeave={[Function]}
      type="checkbox"
      value="Option 1"
    />
    <div
      className="sc-dcJsrY sc-eldPxv fiBLHw cCzUhO"
    >
      <div
        className="sc-dcJsrY hDOZRN"
      >
        <img
          alt="tick"
          className="sc-imWYAI riIre"
          data-nimg="fill"
          decoding="async"
          loading="lazy"
          onError={[Function]}
          onLoad={[Function]}
          src="https://undefined/undefined/v1699954310/icons/efd3esaor6zqk7seh6kt.svg"
          style={
            {
              "bottom": 0,
              "color": "transparent",
              "height": "100%",
              "left": 0,
              "objectFit": undefined,
              "objectPosition": undefined,
              "position": "absolute",
              "right": 0,
              "top": 0,
              "width": "100%",
            }
          }
        />
      </div>
    </div>
  </div>
  Option 1
</label>
`;
