// Jest Snapshot v1, https://jestjs.io/docs/snapshot-testing

exports[`InternalCheckBoxLabel matches snapshot 1`] = `
.c0 {
  font-family: --var(google-font),Lexend,sans-serif;
}

.c1 {
  display: -webkit-box;
  display: -webkit-flex;
  display: -ms-flexbox;
  display: flex;
  -webkit-align-items: center;
  -webkit-box-align: center;
  -ms-flex-align: center;
  align-items: center;
}

<div>
  <label
    class="c0 c1"
    data-testid="test-1"
    for="checkbox-1"
  >
    Value
  </label>
</div>
`;
