// Jest Snapshot v1, https://goo.gl/fbAQLP

exports[`OakTextInput matches snapshot 1`] = `
[
  .c5 {
  -webkit-appearance: none !important;
  -moz-appearance: none !important;
  appearance: none !important;
  border: 0;
  border-radius: 0;
  border-color: transparent;
  box-shadow: none;
  font-family: inherit;
  background: transparent;
  outline: none;
  color: inherit;
  padding-top: 1.25rem;
  padding-bottom: 1.25rem;
  width: 100%;
  height: 4.5rem;
}

.c5::-webkit-input-placeholder {
  color: #575757;
}

.c5::-moz-placeholder {
  color: #575757;
}

.c5:-ms-input-placeholder {
  color: #575757;
}

.c5::placeholder {
  color: #575757;
}

.c5::-webkit-search-decoration,
.c5::-webkit-search-cancel-button,
.c5::-webkit-search-results-button,
.c5::-webkit-search-results-decoration {
  -webkit-appearance: none;
  -moz-appearance: none;
  appearance: none;
}

.c5:disabled {
  cursor: not-allowed;
}

.c0:where(span) {
  display: block;
}

.c0:where(*) {
  position: relative;
  height: -webkit-fit-content;
  height: -moz-fit-content;
  height: fit-content;
  padding-left: 1.25rem;
  padding-right: 1.25rem;
  color: #222222;
  background: #ffffff;
  border: 0.125rem solid;
  border-color: #222222;
  border-radius: 0.25rem;
  font-family: --var(google-font),Lexend,sans-serif;
}

.c0:where(*):hover {
  cursor: pointer;
}

.c3:where(span) {
  display: block;
}

.c3:where(*) {
  font-family: --var(google-font),Lexend,sans-serif;
}

.c1 {
  display: -webkit-box;
  display: -webkit-flex;
  display: -ms-flexbox;
  display: flex;
  -webkit-align-items: center;
  -webkit-box-align: center;
  -ms-flex-align: center;
  align-items: center;
  gap: 1rem;
}

.c4 {
  display: -webkit-box;
  display: -webkit-flex;
  display: -ms-flexbox;
  display: flex;
  -webkit-box-flex: 1;
  -webkit-flex-grow: 1;
  -ms-flex-positive: 1;
  flex-grow: 1;
}

.c2 {
  background: #ffffff;
}

.c2:hover {
  cursor: text;
}

.c2:focus-within {
  box-shadow: 0 0 0 0.125rem rgba(255,229,85,100%),0 0 0 0.3rem rgba(87,87,87,100%);
}

@media (max-width:750px) {
  .c5 {
    font-size: 16px;
  }
}

@media (hover:hover) {
  .c2:hover:not(:focus-within) {
    background: #f2f2f2;
  }
}

<div
    className="c0 c1 c2"
    onClick={[Function]}
  >
    <div
      className="c3 c4"
    >
      <input
        className="c5"
        defaultValue="A nice text value"
        onFocus={[Function]}
        type="text"
      />
    </div>
  </div>,
  ",",
]
`;
