// Jest Snapshot v1, https://goo.gl/fbAQLP

exports[`OakInformativeModal matches snapshot when mounted 1`] = `
.c0 {
  font-family: --var(google-font),Lexend,sans-serif;
  z-index: 300;
}

.c0:hover {
  cursor: pointer;
}

.c2 {
  position: fixed;
  top: 0rem;
  right: 0rem;
  bottom: 0rem;
  width: 40rem;
  color: #222222;
  background: #ffffff;
  -webkit-transition: all 0.3s ease;
  transition: all 0.3s ease;
  font-family: --var(google-font),Lexend,sans-serif;
  z-index: 300;
}

.c5 {
  height: 100%;
  background: #ffffff;
  font-family: --var(google-font),Lexend,sans-serif;
}

.c6 {
  padding: 1rem;
  font-family: --var(google-font),Lexend,sans-serif;
}

.c8 {
  position: relative;
  width: -webkit-max-content;
  width: -moz-max-content;
  width: max-content;
  font-family: --var(google-font),Lexend,sans-serif;
}

.c13 {
  padding-left: 0rem;
  padding-right: 0.5rem;
  font-family: --var(google-font),Lexend,sans-serif;
}

.c15 {
  position: relative;
  color: #222222;
  border-radius: 6.25rem;
  font-family: --var(google-font),Lexend,sans-serif;
}

.c17 {
  position: relative;
  font-family: --var(google-font),Lexend,sans-serif;
}

.c18 {
  position: absolute;
  top: 0.25rem;
  left: 0.25rem;
  width: 1.5rem;
  min-width: 1.5rem;
  height: 1.5rem;
  min-height: 1.5rem;
  display: none;
  font-family: --var(google-font),Lexend,sans-serif;
}

.c20 {
  position: absolute;
  top: 0.125rem;
  left: 0.125rem;
  width: 1.5rem;
  min-width: 1.5rem;
  height: 1.5rem;
  min-height: 1.5rem;
  display: none;
  font-family: --var(google-font),Lexend,sans-serif;
}

.c22 {
  position: relative;
  width: 1.5rem;
  min-width: 1.5rem;
  height: 1.5rem;
  min-height: 1.5rem;
  font-family: --var(google-font),Lexend,sans-serif;
}

.c25 {
  overflow: auto;
  border-top: 0.063rem solid;
  border-color: transparent;
  font-family: --var(google-font),Lexend,sans-serif;
  overflow: auto;
}

.c19 {
  -webkit-filter: invert(34%) sepia(0%) saturate(698%) hue-rotate(158deg) brightness(95%) contrast(89%);
  filter: invert(34%) sepia(0%) saturate(698%) hue-rotate(158deg) brightness(95%) contrast(89%);
  object-fit: contain;
}

.c21 {
  -webkit-filter: invert(82%) sepia(25%) saturate(963%) hue-rotate(359deg) brightness(106%) contrast(101%);
  filter: invert(82%) sepia(25%) saturate(963%) hue-rotate(359deg) brightness(106%) contrast(101%);
  object-fit: contain;
}

.c23 {
  object-fit: contain;
}

.c3 {
  display: -webkit-box;
  display: -webkit-flex;
  display: -ms-flexbox;
  display: flex;
  -webkit-flex-direction: column;
  -ms-flex-direction: column;
  flex-direction: column;
}

.c7 {
  display: -webkit-box;
  display: -webkit-flex;
  display: -ms-flexbox;
  display: flex;
  -webkit-align-items: center;
  -webkit-box-align: center;
  -ms-flex-align: center;
  align-items: center;
  -webkit-box-pack: end;
  -webkit-justify-content: flex-end;
  -ms-flex-pack: end;
  justify-content: flex-end;
}

.c9 {
  display: -webkit-box;
  display: -webkit-flex;
  display: -ms-flexbox;
  display: flex;
}

.c14 {
  display: -webkit-box;
  display: -webkit-flex;
  display: -ms-flexbox;
  display: flex;
  -webkit-flex-direction: row;
  -ms-flex-direction: row;
  flex-direction: row;
  -webkit-align-items: center;
  -webkit-box-align: center;
  -ms-flex-align: center;
  align-items: center;
  -webkit-box-pack: center;
  -webkit-justify-content: center;
  -ms-flex-pack: center;
  justify-content: center;
  gap: 0rem;
}

.c16 {
  display: -webkit-box;
  display: -webkit-flex;
  display: -ms-flexbox;
  display: flex;
  -webkit-align-items: center;
  -webkit-box-align: center;
  -ms-flex-align: center;
  align-items: center;
  -webkit-box-pack: center;
  -webkit-justify-content: center;
  -ms-flex-pack: center;
  justify-content: center;
}

.c26 {
  display: -webkit-box;
  display: -webkit-flex;
  display: -ms-flexbox;
  display: flex;
  -webkit-flex-direction: column;
  -ms-flex-direction: column;
  flex-direction: column;
  -webkit-box-flex: 1;
  -webkit-flex-grow: 1;
  -ms-flex-positive: 1;
  flex-grow: 1;
}

.c24 {
  font-family: --var(google-font),Lexend,sans-serif;
  font-weight: 400;
  font-size: 1rem;
  line-height: 1.25rem;
  -webkit-letter-spacing: 0.0115rem;
  -moz-letter-spacing: 0.0115rem;
  -ms-letter-spacing: 0.0115rem;
  letter-spacing: 0.0115rem;
}

.c11 {
  background: none;
  color: inherit;
  border: none;
  padding: 0;
  font: inherit;
  cursor: pointer;
  text-align: left;
  font-family: unset;
  outline: none;
  font-family: --var(google-font),Lexend,sans-serif;
  color: #222222;
  border-radius: 0.25rem;
}

.c11:disabled {
  pointer-events: none;
  cursor: default;
}

.c12 {
  display: inline-block;
  position: relative;
}

.c12:hover {
  -webkit-text-decoration: underline;
  text-decoration: underline;
  color: #222222;
}

.c12:active {
  color: #222222;
}

.c12:disabled {
  color: #e4e4e4;
}

.c10 > :first-child:hover .highlight {
  display: block;
}

.c10 > :first-child:active .highlight {
  display: block;
}

.c10 > :first-child:active .shadow {
  display: block;
}

.c10 > :first-child:focus-visible {
  box-shadow: 0 0 0 0.125rem rgba(255,229,85,100%), 0 0 0 0.3rem rgba(87,87,87,100%);
  background: white;
}

.c4 {
  max-width: 100vw;
  -webkit-transform: translateX(0);
  -ms-transform: translateX(0);
  transform: translateX(0);
}

.c1 {
  opacity: 0.25;
  background-color: black;
  position: fixed;
  inset: 0;
  -webkit-transition: ease;
  transition: ease;
}

@media (min-width:768px) {
  .c4 {
    max-width: 600px;
  }
}

<div>
  <div
    aria-hidden="true"
    data-focus-guard="true"
    data-focus-on-hidden="true"
    style="width: 1px; height: 0px; padding: 0px; overflow: hidden; position: fixed; top: 1px; left: 1px;"
    tabindex="0"
  />
  <div
    data-focus-lock-disabled="false"
  >
    <div
      class="c0 c1"
    />
    <div
      class="c2 c3 c4"
      role="dialog"
    >
      <div
        class="c5 c3"
      >
        <div
          class="c6 c7"
        >
          <div
            class="c8 c9 c10"
          >
            <button
              aria-label="Close"
              class="c11 c12"
            >
              <div
                class="c13 c14"
              >
                <div
                  class="c15 c16 icon-container"
                >
                  <div
                    class="c17"
                  >
                    <div
                      class="c18 shadow"
                    >
                      <img
                        alt=""
                        class="c19"
                        data-nimg="fill"
                        decoding="async"
                        loading="lazy"
                        src="https://res.cloudinary.com/mock-cloudinary-cloud/image/upload/v1699895179/icons/xigimrbivcaxt4omxamp.svg"
                        style="position: absolute; height: 100%; width: 100%; left: 0px; top: 0px; right: 0px; bottom: 0px; color: transparent;"
                      />
                    </div>
                    <div
                      class="c20 highlight"
                    >
                      <img
                        alt=""
                        class="c21"
                        data-nimg="fill"
                        decoding="async"
                        loading="lazy"
                        src="https://res.cloudinary.com/mock-cloudinary-cloud/image/upload/v1699895179/icons/xigimrbivcaxt4omxamp.svg"
                        style="position: absolute; height: 100%; width: 100%; left: 0px; top: 0px; right: 0px; bottom: 0px; color: transparent;"
                      />
                    </div>
                    <div
                      class="c22"
                      data-icon-for="button"
                    >
                      <img
                        alt=""
                        class="c23"
                        data-nimg="fill"
                        decoding="async"
                        loading="lazy"
                        src="https://res.cloudinary.com/mock-cloudinary-cloud/image/upload/v1699895179/icons/xigimrbivcaxt4omxamp.svg"
                        style="position: absolute; height: 100%; width: 100%; left: 0px; top: 0px; right: 0px; bottom: 0px; color: transparent;"
                      />
                    </div>
                  </div>
                </div>
                <span
                  class="c24"
                />
              </div>
            </button>
          </div>
        </div>
        <div
          data-autofocus-inside="true"
          style="display: contents;"
        >
          <div
            class="c25 c26"
          >
            <div />
            Modal content
          </div>
        </div>
      </div>
    </div>
  </div>
  <div
    aria-hidden="true"
    data-focus-guard="true"
    data-focus-on-hidden="true"
    style="width: 1px; height: 0px; padding: 0px; overflow: hidden; position: fixed; top: 1px; left: 1px;"
    tabindex="0"
  />
</div>
`;
