// Jest Snapshot v1, https://jestjs.io/docs/snapshot-testing

exports[`OakCopyLinkButton matches snapshot 1`] = `
.c0 {
  display: none;
  font-family: --var(google-font),Lexend,sans-serif;
}

.c1 {
  position: relative;
  width: -webkit-max-content;
  width: -moz-max-content;
  width: max-content;
  font-family: --var(google-font),Lexend,sans-serif;
}

.c3 {
  position: absolute;
  top: 0rem;
  width: 100%;
  height: 100%;
  border-radius: 0.25rem;
  font-family: --var(google-font),Lexend,sans-serif;
}

.c6 {
  font-family: --var(google-font),Lexend,sans-serif;
}

.c8 {
  position: relative;
  font-family: --var(google-font),Lexend,sans-serif;
}

.c10 {
  position: relative;
  width: 1.5rem;
  min-width: 1.5rem;
  height: 1.5rem;
  min-height: 1.5rem;
  font-family: --var(google-font),Lexend,sans-serif;
}

.c12 {
  display: block;
  font-family: --var(google-font),Lexend,sans-serif;
}

.c11 {
  -webkit-filter: invert(10%) sepia(1%) saturate(236%) hue-rotate(314deg) brightness(95%) contrast(91%);
  filter: invert(10%) sepia(1%) saturate(236%) hue-rotate(314deg) brightness(95%) contrast(91%);
  object-fit: contain;
}

.c7 {
  display: -webkit-box;
  display: -webkit-flex;
  display: -ms-flexbox;
  display: flex;
  -webkit-flex-direction: row;
  -ms-flex-direction: row;
  flex-direction: row;
  -webkit-align-items: center;
  -webkit-box-align: center;
  -ms-flex-align: center;
  align-items: center;
  -webkit-box-pack: center;
  -webkit-justify-content: center;
  -ms-flex-pack: center;
  justify-content: center;
  gap: 0.25rem;
}

.c9 {
  font-family: --var(google-font),Lexend,sans-serif;
  font-weight: 700;
  font-size: 0.875rem;
  line-height: 1.25rem;
  -webkit-letter-spacing: -0.005rem;
  -moz-letter-spacing: -0.005rem;
  -ms-letter-spacing: -0.005rem;
  letter-spacing: -0.005rem;
  text-align: left;
}

.c4 {
  background: none;
  color: inherit;
  border: none;
  padding: 0;
  font: inherit;
  cursor: pointer;
  text-align: left;
  font-family: unset;
  outline: none;
  font-family: --var(google-font),Lexend,sans-serif;
  color: #222222;
  background: #ffffff;
  padding-left: 0.5rem;
  padding-right: 0.5rem;
  padding-top: 0.25rem;
  padding-bottom: 0.25rem;
  border: 0.125rem solid;
  border-color: #222222;
  border-radius: 0.25rem;
}

.c4:disabled {
  pointer-events: none;
  cursor: default;
}

.c5 {
  position: relative;
  width: 100%;
  height: 100%;
  display: inline-block;
}

.c5:hover {
  -webkit-text-decoration: underline;
  text-decoration: underline;
  color: #222222;
  background: #f2f2f2;
  border-color: #222222;
}

.c5:hover [data-state="selected"] {
  display: none;
}

.c5:active {
  background: #ffffff;
  border-color: #222222;
  color: #222222;
}

.c5:active [data-state="selected"] {
  display: none;
}

.c5:disabled {
  background: #e4e4e4;
  border-color: #808080;
  color: #808080;
}

.c5:disabled [data-state="selected"] {
  display: none;
}

.c2 .grey-shadow:has(+ * + .internal-button:focus-visible) {
  box-shadow: 0 0 0 0.3rem rgba(87,87,87,100%);
}

.c2 .yellow-shadow:has(+ .internal-button:focus-visible) {
  box-shadow: 0 0 0 0.125rem rgba(255,229,85,100%);
}

.c2 .yellow-shadow:has(+ .internal-button:hover),
.c2 .yellow-shadow:has(+ .internal-button:hover:not(:focus-visible,:active)) {
  box-shadow: 0.125rem 0.125rem 0 rgba(255,229,85,100%);
}

.c2 .grey-shadow:has(+ * + .internal-button:hover) {
  box-shadow: none;
}

.c2 .grey-shadow:has(+ * + .internal-button:active) {
  box-shadow: 0.25rem 0.25rem 0 rgba(87,87,87,100%);
}

.c2 .yellow-shadow:has(+ .internal-button:active) {
  box-shadow: 0.125rem 0.125rem 0 rgba(255,229,85,100%);
}

@media (min-width:750px) {
  .c0 {
    display: block;
  }
}

@media (min-width:750px) {
  .c12 {
    display: none;
  }
}

<div>
  <div
    class="c0"
  >
    <div
      class="c1 c2"
    >
      <div
        class="c3 grey-shadow"
      />
      <div
        class="c3 yellow-shadow"
      />
      <button
        class="c4 c5 internal-button"
        data-testid="copy-link-desktop-button"
      >
        <div
          class="c6 c7"
        >
          <div
            class="c8"
          >
            <span
              class="c9"
            >
              Copy link
            </span>
          </div>
          <div
            aria-hidden="true"
            class="c10"
          >
            <img
              alt=""
              class="c11"
              data-nimg="fill"
              decoding="async"
              loading="lazy"
              src="https://res.cloudinary.com/mock-cloudinary-cloud/image/upload/v1727861316/icons/Icon_Copy_qxgynv.svg"
              style="position: absolute; height: 100%; width: 100%; left: 0px; top: 0px; right: 0px; bottom: 0px; color: transparent;"
            />
          </div>
        </div>
      </button>
    </div>
  </div>
  <div
    class="c12"
  >
    <div
      class="c1 c2"
    >
      <div
        class="c3 grey-shadow"
      />
      <div
        class="c3 yellow-shadow"
      />
      <button
        class="c4 c5 internal-button"
      >
        <div
          class="c6 c7"
        >
          <div
            class="c8"
          >
            <span
              class="c9"
            >
              Copy link
            </span>
          </div>
        </div>
      </button>
    </div>
  </div>
</div>
`;
