// Jest Snapshot v1, https://goo.gl/fbAQLP

exports[`InternalAccordion matches snapshot 1`] = `
.c0 {
  font-family: Lexend,sans-serif;
}

.c1 {
  font-family: Lexend,sans-serif;
}

.c1:hover {
  cursor: pointer;
}

.c2 {
  display: -webkit-box;
  display: -webkit-flex;
  display: -ms-flexbox;
  display: flex;
  -webkit-box-flex: 1;
  -webkit-flex-grow: 1;
  -ms-flex-positive: 1;
  flex-grow: 1;
}

.c3 {
  font: inherit;
  color: inherit;
  border: none;
  background: none;
  -webkit-appearance: none;
  -moz-appearance: none;
  appearance: none;
  outline: none;
}

<div
  className="c0"
  data-testid="test"
  id="internal-accordion"
>
  <button
    aria-expanded={true}
    className="c1 c2 c3 "
    id="internal-accordion"
    onClick={[Function]}
    type="button"
  >
    accordion button
  </button>
  <div
    aria-labelledby="internal-accordion"
    className="c0"
    hidden={false}
    role="region"
  >
    accordion content
  </div>
</div>
`;
