// Jest Snapshot v1, https://jestjs.io/docs/snapshot-testing

exports[`OakQuizOrder matches snapshot 1`] = `
.c0 {
  margin-bottom: 2rem;
  font-family: --var(google-font),Lexend,sans-serif;
}

.c2 {
  font-family: --var(google-font),Lexend,sans-serif;
}

.c4 {
  position: relative;
  width: 2rem;
  min-width: 2rem;
  height: 2rem;
  min-height: 2rem;
  font-family: --var(google-font),Lexend,sans-serif;
}

.c6 {
  font-family: --var(google-font),Lexend,sans-serif;
  font-weight: 300;
  font-size: 1rem;
  line-height: 1.5rem;
  -webkit-letter-spacing: -0.005rem;
  -moz-letter-spacing: -0.005rem;
  -ms-letter-spacing: -0.005rem;
  letter-spacing: -0.005rem;
}

.c10 {
  padding: 1rem;
  background: #cee7e5;
  border-radius: 1rem;
  font-family: --var(google-font),Lexend,sans-serif;
}

.c12 {
  min-height: 4rem;
  padding: 0.25rem;
  background: #f2f2f2;
  border-radius: 0.5rem;
  font-family: --var(google-font),Lexend,sans-serif;
}

.c15 {
  width: 100%;
  font-family: --var(google-font),Lexend,sans-serif;
}

.c16 {
  min-height: 3.5rem;
  padding-top: 1.25rem;
  padding-bottom: 1.25rem;
  padding-left: 0.75rem;
  padding-right: 1rem;
  color: #222222;
  background: #ffffff;
  border-radius: 0.5rem;
  font-family: --var(google-font),Lexend,sans-serif;
}

.c20 {
  font-family: --var(google-font),Lexend,sans-serif;
  font-weight: 700;
  font-size: 1.125rem;
  line-height: 1.75rem;
  -webkit-letter-spacing: -0.005rem;
  -moz-letter-spacing: -0.005rem;
  -ms-letter-spacing: -0.005rem;
  letter-spacing: -0.005rem;
}

.c5 {
  object-fit: contain;
}

.c1 {
  display: -webkit-box;
  display: -webkit-flex;
  display: -ms-flexbox;
  display: flex;
  gap: 0.5rem;
}

.c3 {
  display: -webkit-box;
  display: -webkit-flex;
  display: -ms-flexbox;
  display: flex;
  -webkit-box-flex: 0;
  -webkit-flex-grow: 0;
  -ms-flex-positive: 0;
  flex-grow: 0;
}

.c9 {
  display: -webkit-box;
  display: -webkit-flex;
  display: -ms-flexbox;
  display: flex;
  -webkit-flex-direction: column;
  -ms-flex-direction: column;
  flex-direction: column;
  gap: 1rem;
}

.c11 {
  display: -webkit-box;
  display: -webkit-flex;
  display: -ms-flexbox;
  display: flex;
  -webkit-flex-direction: column;
  -ms-flex-direction: column;
  flex-direction: column;
  gap: 1rem;
}

.c13 {
  display: -webkit-box;
  display: -webkit-flex;
  display: -ms-flexbox;
  display: flex;
  -webkit-flex-basis: 100%;
  -ms-flex-preferred-size: 100%;
  flex-basis: 100%;
}

.c18 {
  display: -webkit-box;
  display: -webkit-flex;
  display: -ms-flexbox;
  display: flex;
  -webkit-align-items: center;
  -webkit-box-align: center;
  -ms-flex-align: center;
  align-items: center;
  gap: 1rem;
}

.c21 {
  display: -webkit-box;
  display: -webkit-flex;
  display: -ms-flexbox;
  display: flex;
}

.c8 {
  background: #ffffff;
  padding-left: 0.5rem;
  padding-right: 0.5rem;
  padding-top: 0.25rem;
  padding-bottom: 0.25rem;
  border: 0.125rem solid;
  border-color: #7c9aec;
  border-radius: 0.375rem;
  font-family: --var(google-font),Lexend,sans-serif;
  font-weight: 700;
  font-size: 0.875rem;
  line-height: 1.25rem;
  -webkit-letter-spacing: -0.005rem;
  -moz-letter-spacing: -0.005rem;
  -ms-letter-spacing: -0.005rem;
  letter-spacing: -0.005rem;
  white-space: nowrap;
}

.c7 {
  margin-block: calc(-0.5rem / 2);
  line-height: calc(1.5rem + 0.5rem);
}

.c17 {
  cursor: -webkit-grab;
  cursor: -moz-grab;
  cursor: grab;
  outline: none;
  -webkit-user-select: none;
  -moz-user-select: none;
  -ms-user-select: none;
  user-select: none;
}

.c17:focus-visible:not([data-dragging="true"]):not([data-disabled="true"]) {
  box-shadow: 0 0 0 0.125rem rgba(255,229,85,100%), 0 0 0 0.3rem rgba(87,87,87,100%);
}

.c17[data-dragging="true"] {
  cursor: move;
  background-color: #bef2bd;
  color: #222222;
  outline: 0.25rem solid #222222;
  outline-offset: -0.25rem;
  box-shadow: 0.125rem 0.125rem 0 rgba(255,229,85,100%), 0.25rem 0.25rem 0 rgba(87,87,87,100%);
  -webkit-text-decoration: underline;
  text-decoration: underline;
}

.c17[data-disabled="true"] {
  cursor: default;
  background-color: #f2f2f2;
  color: #808080;
}

.c17[data-readonly="true"] {
  cursor: default;
}

.c19 {
  margin-block: -0.5rem;
}

.c14 {
  outline: 0.188rem solid #222222;
  outline-style: dashed;
}

.c14[data-disabled="true"] {
  outline-color: #808080;
}

@media (min-width:750px) {
  .c11 {
    -webkit-flex-direction: row;
    -ms-flex-direction: row;
    flex-direction: row;
  }
}

@media (min-width:1280px) {
  .c11 {
    -webkit-flex-direction: row;
    -ms-flex-direction: row;
    flex-direction: row;
  }
}

@media (hover:hover) {
  .c17:hover:not([data-dragging="true"]):not([data-disabled="true"]):not( [data-readonly="true"] ) {
    background-color: #dff9de;
    color: #222222;
    box-shadow: 0 0.5rem 0.5rem rgba(92,92,92,20%);
    border-bottom: 0.25rem solid #222222;
    padding-bottom: 1rem;
    -webkit-text-decoration: underline;
    text-decoration: underline;
  }
}

<div>
  <div
    class="c0 c1"
  >
    <div
      class="c2 c3"
    >
      <div
        class="c4"
      >
        <img
          alt=""
          class="c5"
          data-nimg="fill"
          decoding="async"
          loading="lazy"
          src="https://res.cloudinary.com/mock-cloudinary-cloud/image/upload/v1709052869/icons/hoddjsgpzkszgvnmn91q.svg"
          style="position: absolute; height: 100%; width: 100%; left: 0px; top: 0px; right: 0px; bottom: 0px; color: transparent;"
        />
      </div>
    </div>
    <div
      class="c6 c7"
    >
      Click and drag answers to change the order, or select using
       
      <kbd
        class="c8"
      >
        <span
          aria-hidden="true"
        >
          ↹
        </span>
         Tab
      </kbd>
       
      then move by pressing 
      <kbd
        class="c8"
      >
        Space
      </kbd>
       and the 
      <kbd
        class="c8"
      >
        ↑
      </kbd>
       
      <kbd
        class="c8"
      >
        ↓
      </kbd>
       arrows on your keyboard.
    </div>
  </div>
  <div
    aria-label="Sortable items"
    class="c2 c9"
    role="listbox"
  >
    <div
      class="c10 c11"
    >
      <div
        class="c12 c13 c14"
      >
        <div
          class="c15"
        >
          <div
            aria-disabled="false"
            aria-roledescription="sortable item"
            aria-selected="false"
            class="c16 c17"
            data-dragging="false"
            id="oak-quiz-order-item-1"
            role="option"
            tabindex="0"
          >
            <div
              class="c2 c18 c19"
            >
              <div
                class="c4 "
              >
                <img
                  alt=""
                  class="c5"
                  data-nimg="fill"
                  decoding="async"
                  loading="lazy"
                  src="https://res.cloudinary.com/mock-cloudinary-cloud/image/upload/v1709052869/icons/hoddjsgpzkszgvnmn91q.svg"
                  style="position: absolute; height: 100%; width: 100%; left: 0px; top: 0px; right: 0px; bottom: 0px; color: transparent;"
                />
              </div>
              <div
                class="c20 c21"
              >
                Mouse
              </div>
            </div>
          </div>
        </div>
      </div>
    </div>
    <div
      class="c10 c11"
    >
      <div
        class="c12 c13 c14"
      >
        <div
          class="c15"
        >
          <div
            aria-disabled="false"
            aria-roledescription="sortable item"
            aria-selected="false"
            class="c16 c17"
            data-dragging="false"
            id="oak-quiz-order-item-2"
            role="option"
            tabindex="0"
          >
            <div
              class="c2 c18 c19"
            >
              <div
                class="c4 "
              >
                <img
                  alt=""
                  class="c5"
                  data-nimg="fill"
                  decoding="async"
                  loading="lazy"
                  src="https://res.cloudinary.com/mock-cloudinary-cloud/image/upload/v1709052869/icons/hoddjsgpzkszgvnmn91q.svg"
                  style="position: absolute; height: 100%; width: 100%; left: 0px; top: 0px; right: 0px; bottom: 0px; color: transparent;"
                />
              </div>
              <div
                class="c20 c21"
              >
                Hawk
              </div>
            </div>
          </div>
        </div>
      </div>
    </div>
    <div
      class="c10 c11"
    >
      <div
        class="c12 c13 c14"
      >
        <div
          class="c15"
        >
          <div
            aria-disabled="false"
            aria-roledescription="sortable item"
            aria-selected="false"
            class="c16 c17"
            data-dragging="false"
            id="oak-quiz-order-item-3"
            role="option"
            tabindex="0"
          >
            <div
              class="c2 c18 c19"
            >
              <div
                class="c4 "
              >
                <img
                  alt=""
                  class="c5"
                  data-nimg="fill"
                  decoding="async"
                  loading="lazy"
                  src="https://res.cloudinary.com/mock-cloudinary-cloud/image/upload/v1709052869/icons/hoddjsgpzkszgvnmn91q.svg"
                  style="position: absolute; height: 100%; width: 100%; left: 0px; top: 0px; right: 0px; bottom: 0px; color: transparent;"
                />
              </div>
              <div
                class="c20 c21"
              >
                Grasshopper
              </div>
            </div>
          </div>
        </div>
      </div>
    </div>
  </div>
  <div
    id="DndDescribedBy-0"
    style="display: none;"
  >
    
    To pick up a draggable item, press the space bar.
    While dragging, use the arrow keys to move the item.
    Press space again to drop the item in its new position, or press escape to cancel.
  
  </div>
  <div
    aria-atomic="true"
    aria-live="assertive"
    id="DndLiveRegion-0"
    role="status"
    style="position: fixed; width: 1px; height: 1px; margin: -1px; border: 0px; padding: 0px; overflow: hidden; clip-path: inset(100%); white-space: nowrap;"
  />
</div>
`;
