// Jest Snapshot v1, https://goo.gl/fbAQLP

exports[`OakTagFunctional matches snapshot 1`] = `
.c0 {
  padding-left: 0.5rem;
  padding-right: 0.5rem;
  padding-top: 0.25rem;
  padding-bottom: 0.25rem;
  border-radius: 0.375rem;
  font-family: --var(google-font),Lexend,sans-serif;
  font-weight: 400;
  font-size: 1rem;
  line-height: 1.25rem;
  -webkit-letter-spacing: 0.0115rem;
  -moz-letter-spacing: 0.0115rem;
  -ms-letter-spacing: 0.0115rem;
  letter-spacing: 0.0115rem;
}

.c1 {
  font-family: --var(google-font),Lexend,sans-serif;
}

<div
  className="c0"
>
  <label
    className="c1"
  >
    Select one answer
  </label>
</div>
`;
