// Jest Snapshot v1, https://jestjs.io/docs/snapshot-testing

exports[`OakTagFunctional matches snapshot 1`] = `
.c0 {
  padding-left: 0.5rem;
  padding-right: 0.5rem;
  padding-top: 0.25rem;
  padding-bottom: 0.25rem;
  border-radius: 0.375rem;
  font-family: --var(google-font),Lexend,sans-serif;
  font-weight: 400;
  font-size: 1rem;
  line-height: 1.25rem;
  -webkit-letter-spacing: 0.0115rem;
  -moz-letter-spacing: 0.0115rem;
  -ms-letter-spacing: 0.0115rem;
  letter-spacing: 0.0115rem;
}

.c1 {
  display: -webkit-box;
  display: -webkit-flex;
  display: -ms-flexbox;
  display: flex;
  gap: 0.5rem;
}

.c2 {
  font-family: --var(google-font),Lexend,sans-serif;
}

<div>
  <div
    class="c0 c1"
  >
    <label
      class="c2"
    >
      Select one answer
    </label>
  </div>
</div>
`;
